The target system is: Generic -  - arm
The host system is: Linux - 6.8.0-136-generic - x86_64
Compiling the C compiler identification source file "CMakeCCompilerId.c" succeeded.
Compiler: /home/xiwei/dev-tools/xpack-arm-none-eabi-gcc-13.2.1-1.1/bin/arm-none-eabi-gcc 
Build flags: ;-mcpu=cortex-m0plus;;-Wall;-fdata-sections;-ffunction-sections;-fstack-usage;-mcpu=cortex-m0plus;;-Wall;-fdata-sections;-ffunction-sections;-fstack-usage
Id flags: -c 

The output was:
0


Compilation of the C compiler identification source "CMakeCCompilerId.c" produced "CMakeCCompilerId.o"

Compilation of the C compiler identification source "CMakeCCompilerId.c" produced "CMakeCCompilerId.su"

The C compiler identification is GNU, found in "/home/xiwei/my_project_ZSA/AI_TRY_TCRT5000/build/Debug/CMakeFiles/3.22.1/CompilerIdC/CMakeCCompilerId.o"

Compiling the CXX compiler identification source file "CMakeCXXCompilerId.cpp" succeeded.
Compiler: /home/xiwei/dev-tools/xpack-arm-none-eabi-gcc-13.2.1-1.1/bin/arm-none-eabi-g++ 
Build flags: ;-mcpu=cortex-m0plus;;-Wall;-fdata-sections;-ffunction-sections;-fstack-usage;-mcpu=cortex-m0plus;;-Wall;-fdata-sections;-ffunction-sections;-fstack-usage;-fno-rtti;-fno-exceptions;-fno-threadsafe-statics
Id flags: -c 

The output was:
0


Compilation of the CXX compiler identification source "CMakeCXXCompilerId.cpp" produced "CMakeCXXCompilerId.o"

Compilation of the CXX compiler identification source "CMakeCXXCompilerId.cpp" produced "CMakeCXXCompilerId.su"

The CXX compiler identification is GNU, found in "/home/xiwei/my_project_ZSA/AI_TRY_TCRT5000/build/Debug/CMakeFiles/3.22.1/CompilerIdCXX/CMakeCXXCompilerId.o"

Detecting C compiler ABI info compiled with the following output:
Change Dir: /home/xiwei/my_project_ZSA/AI_TRY_TCRT5000/build/Debug/CMakeFiles/CMakeTmp

Run Build Command(s):/usr/bin/ninja cmTC_1aece && [1/2] Building C object CMakeFiles/cmTC_1aece.dir/CMakeCCompilerABI.c.obj
Using built-in specs.
COLLECT_GCC=/home/xiwei/dev-tools/xpack-arm-none-eabi-gcc-13.2.1-1.1/bin/arm-none-eabi-gcc
Target: arm-none-eabi
Configured with: /__w/arm-none-eabi-gcc-xpack/arm-none-eabi-gcc-xpack/build/linux-x64/sources/gcc/configure --prefix=/__w/arm-none-eabi-gcc-xpack/arm-none-eabi-gcc-xpack/build/linux-x64/application --with-sysroot=/__w/arm-none-eabi-gcc-xpack/arm-none-eabi-gcc-xpack/build/linux-x64/application/arm-none-eabi --with-native-system-header-dir=/include --infodir=/__w/arm-none-eabi-gcc-xpack/arm-none-eabi-gcc-xpack/build/linux-x64/x86_64-pc-linux-gnu/install/share/info --mandir=/__w/arm-none-eabi-gcc-xpack/arm-none-eabi-gcc-xpack/build/linux-x64/x86_64-pc-linux-gnu/install/share/man --htmldir=/__w/arm-none-eabi-gcc-xpack/arm-none-eabi-gcc-xpack/build/linux-x64/x86_64-pc-linux-gnu/install/share/html --pdfdir=/__w/arm-none-eabi-gcc-xpack/arm-none-eabi-gcc-xpack/build/linux-x64/x86_64-pc-linux-gnu/install/share/pdf --build=x86_64-pc-linux-gnu --host=x86_64-pc-linux-gnu --target=arm-none-eabi --disable-libgomp --disable-libmudflap --disable-libquadmath --disable-libsanitizer --disable-libssp --disable-nls --disable-shared --disable-threads --disable-tls --enable-checking=release --enable-languages=c,c++,fortran --with-gmp=/__w/arm-none-eabi-gcc-xpack/arm-none-eabi-gcc-xpack/build/linux-x64/x86_64-pc-linux-gnu/install --with-newlib --with-pkgversion='xPack GNU Arm Embedded GCC x86_64' --with-gnu-as --with-gnu-ld --with-system-zlib --disable-libatomic --enable-multilib --with-multilib-list=aprofile,rmprofile
Thread model: single
Supported LTO compression algorithms: zlib zstd
gcc version 13.2.1 20231009 (xPack GNU Arm Embedded GCC x86_64) 
COLLECT_GCC_OPTIONS='-fstack-usage' '-mcpu=cortex-m0plus' '-Wall' '-fdata-sections' '-ffunction-sections' '-fstack-usage' '-v' '-std=gnu11' '-o' 'CMakeFiles/cmTC_1aece.dir/CMakeCCompilerABI.c.obj' '-c' '-mfloat-abi=soft' '-mthumb' '-mlibarch=armv6s-m' '-march=armv6s-m' '-dumpdir' 'CMakeFiles/cmTC_1aece.dir/'
 /home/xiwei/dev-tools/xpack-arm-none-eabi-gcc-13.2.1-1.1/bin/../libexec/gcc/arm-none-eabi/13.2.1/cc1 -quiet -v -imultilib thumb/v6-m/nofp -iprefix /home/xiwei/dev-tools/xpack-arm-none-eabi-gcc-13.2.1-1.1/bin/../lib/gcc/arm-none-eabi/13.2.1/ -isysroot /home/xiwei/dev-tools/xpack-arm-none-eabi-gcc-13.2.1-1.1/bin/../arm-none-eabi -D__USES_INITFINI__ /usr/share/cmake-3.22/Modules/CMakeCCompilerABI.c -quiet -dumpdir CMakeFiles/cmTC_1aece.dir/ -dumpbase CMakeCCompilerABI.c.c -dumpbase-ext .c -mcpu=cortex-m0plus -mfloat-abi=soft -mthumb -mlibarch=armv6s-m -march=armv6s-m -Wall -std=gnu11 -version -fstack-usage -fdata-sections -ffunction-sections -fstack-usage -o /tmp/ccIYAZH4.s
GNU C11 (xPack GNU Arm Embedded GCC x86_64) version 13.2.1 20231009 (arm-none-eabi)
	compiled by GNU C version 13.2.0, GMP version 6.2.1, MPFR version 3.1.6, MPC version 1.0.3, isl version isl-0.15-GMP

GGC heuristics: --param ggc-min-expand=100 --param ggc-min-heapsize=131072
ignoring duplicate directory "/home/xiwei/dev-tools/xpack-arm-none-eabi-gcc-13.2.1-1.1/bin/../lib/gcc/../../lib/gcc/arm-none-eabi/13.2.1/include"
ignoring nonexistent directory "/home/xiwei/dev-tools/xpack-arm-none-eabi-gcc-13.2.1-1.1/bin/../arm-none-eabi/usr/local/include"
ignoring duplicate directory "/home/xiwei/dev-tools/xpack-arm-none-eabi-gcc-13.2.1-1.1/bin/../lib/gcc/../../lib/gcc/arm-none-eabi/13.2.1/include-fixed"
ignoring duplicate directory "/home/xiwei/dev-tools/xpack-arm-none-eabi-gcc-13.2.1-1.1/bin/../lib/gcc/../../lib/gcc/arm-none-eabi/13.2.1/../../../../arm-none-eabi/include"
ignoring duplicate directory "/home/xiwei/dev-tools/xpack-arm-none-eabi-gcc-13.2.1-1.1/bin/../arm-none-eabi/include"
#include "..." search starts here:
#include <...> search starts here:
 /home/xiwei/dev-tools/xpack-arm-none-eabi-gcc-13.2.1-1.1/bin/../lib/gcc/arm-none-eabi/13.2.1/include
 /home/xiwei/dev-tools/xpack-arm-none-eabi-gcc-13.2.1-1.1/bin/../lib/gcc/arm-none-eabi/13.2.1/include-fixed
 /home/xiwei/dev-tools/xpack-arm-none-eabi-gcc-13.2.1-1.1/bin/../lib/gcc/arm-none-eabi/13.2.1/../../../../arm-none-eabi/include
End of search list.
Compiler executable checksum: 5c71ed4a4fa733403f884906b278dec3
COLLECT_GCC_OPTIONS='-fstack-usage' '-mcpu=cortex-m0plus' '-Wall' '-fdata-sections' '-ffunction-sections' '-fstack-usage' '-v' '-std=gnu11' '-o' 'CMakeFiles/cmTC_1aece.dir/CMakeCCompilerABI.c.obj' '-c' '-mfloat-abi=soft' '-mthumb' '-mlibarch=armv6s-m' '-march=armv6s-m' '-dumpdir' 'CMakeFiles/cmTC_1aece.dir/'
 /home/xiwei/dev-tools/xpack-arm-none-eabi-gcc-13.2.1-1.1/bin/../lib/gcc/arm-none-eabi/13.2.1/../../../../arm-none-eabi/bin/as -v -march=armv6s-m -mfloat-abi=soft -meabi=5 -o CMakeFiles/cmTC_1aece.dir/CMakeCCompilerABI.c.obj /tmp/ccIYAZH4.s
GNU assembler version 2.41.0 (arm-none-eabi) using BFD version (xPack GNU Arm Embedded GCC x86_64) 2.41.0.20231009
COMPILER_PATH=/home/xiwei/dev-tools/xpack-arm-none-eabi-gcc-13.2.1-1.1/bin/../libexec/gcc/arm-none-eabi/13.2.1/:/home/xiwei/dev-tools/xpack-arm-none-eabi-gcc-13.2.1-1.1/bin/../libexec/gcc/:/home/xiwei/dev-tools/xpack-arm-none-eabi-gcc-13.2.1-1.1/bin/../lib/gcc/arm-none-eabi/13.2.1/../../../../arm-none-eabi/bin/
LIBRARY_PATH=/home/xiwei/dev-tools/xpack-arm-none-eabi-gcc-13.2.1-1.1/bin/../lib/gcc/arm-none-eabi/13.2.1/thumb/v6-m/nofp/:/home/xiwei/dev-tools/xpack-arm-none-eabi-gcc-13.2.1-1.1/bin/../lib/gcc/arm-none-eabi/13.2.1/../../../../arm-none-eabi/lib/thumb/v6-m/nofp/:/home/xiwei/dev-tools/xpack-arm-none-eabi-gcc-13.2.1-1.1/bin/../arm-none-eabi/lib/thumb/v6-m/nofp/:/home/xiwei/dev-tools/xpack-arm-none-eabi-gcc-13.2.1-1.1/bin/../lib/gcc/arm-none-eabi/13.2.1/:/home/xiwei/dev-tools/xpack-arm-none-eabi-gcc-13.2.1-1.1/bin/../lib/gcc/:/home/xiwei/dev-tools/xpack-arm-none-eabi-gcc-13.2.1-1.1/bin/../lib/gcc/arm-none-eabi/13.2.1/../../../../arm-none-eabi/lib/:/home/xiwei/dev-tools/xpack-arm-none-eabi-gcc-13.2.1-1.1/bin/../arm-none-eabi/lib/
COLLECT_GCC_OPTIONS='-fstack-usage' '-mcpu=cortex-m0plus' '-Wall' '-fdata-sections' '-ffunction-sections' '-fstack-usage' '-v' '-std=gnu11' '-o' 'CMakeFiles/cmTC_1aece.dir/CMakeCCompilerABI.c.obj' '-c' '-mfloat-abi=soft' '-mthumb' '-mlibarch=armv6s-m' '-march=armv6s-m' '-dumpdir' 'CMakeFiles/cmTC_1aece.dir/CMakeCCompilerABI.c.'
[2/2] Linking C static library libcmTC_1aece.a



Parsed C implicit include dir info from above output: rv=done
  found start of include info
  found start of implicit include info
    add: [/home/xiwei/dev-tools/xpack-arm-none-eabi-gcc-13.2.1-1.1/bin/../lib/gcc/arm-none-eabi/13.2.1/include]
    add: [/home/xiwei/dev-tools/xpack-arm-none-eabi-gcc-13.2.1-1.1/bin/../lib/gcc/arm-none-eabi/13.2.1/include-fixed]
    add: [/home/xiwei/dev-tools/xpack-arm-none-eabi-gcc-13.2.1-1.1/bin/../lib/gcc/arm-none-eabi/13.2.1/../../../../arm-none-eabi/include]
  end of search list found
  collapse include dir [/home/xiwei/dev-tools/xpack-arm-none-eabi-gcc-13.2.1-1.1/bin/../lib/gcc/arm-none-eabi/13.2.1/include] ==> [/home/xiwei/dev-tools/xpack-arm-none-eabi-gcc-13.2.1-1.1/lib/gcc/arm-none-eabi/13.2.1/include]
  collapse include dir [/home/xiwei/dev-tools/xpack-arm-none-eabi-gcc-13.2.1-1.1/bin/../lib/gcc/arm-none-eabi/13.2.1/include-fixed] ==> [/home/xiwei/dev-tools/xpack-arm-none-eabi-gcc-13.2.1-1.1/lib/gcc/arm-none-eabi/13.2.1/include-fixed]
  collapse include dir [/home/xiwei/dev-tools/xpack-arm-none-eabi-gcc-13.2.1-1.1/bin/../lib/gcc/arm-none-eabi/13.2.1/../../../../arm-none-eabi/include] ==> [/home/xiwei/dev-tools/xpack-arm-none-eabi-gcc-13.2.1-1.1/arm-none-eabi/include]
  implicit include dirs: [/home/xiwei/dev-tools/xpack-arm-none-eabi-gcc-13.2.1-1.1/lib/gcc/arm-none-eabi/13.2.1/include;/home/xiwei/dev-tools/xpack-arm-none-eabi-gcc-13.2.1-1.1/lib/gcc/arm-none-eabi/13.2.1/include-fixed;/home/xiwei/dev-tools/xpack-arm-none-eabi-gcc-13.2.1-1.1/arm-none-eabi/include]


Parsed C implicit link information from above output:
  link line regex: [^( *|.*[/\])(arm-none-eabi-g\+\+|CMAKE_LINK_STARTFILE-NOTFOUND|([^/\]+-)?ld|collect2)[^/\]*( |$)]
  ignore line: [Change Dir: /home/xiwei/my_project_ZSA/AI_TRY_TCRT5000/build/Debug/CMakeFiles/CMakeTmp]
  ignore line: []
  ignore line: [Run Build Command(s):/usr/bin/ninja cmTC_1aece && [1/2] Building C object CMakeFiles/cmTC_1aece.dir/CMakeCCompilerABI.c.obj]
  ignore line: [Using built-in specs.]
  ignore line: [COLLECT_GCC=/home/xiwei/dev-tools/xpack-arm-none-eabi-gcc-13.2.1-1.1/bin/arm-none-eabi-gcc]
  ignore line: [Target: arm-none-eabi]
  ignore line: [Configured with: /__w/arm-none-eabi-gcc-xpack/arm-none-eabi-gcc-xpack/build/linux-x64/sources/gcc/configure --prefix=/__w/arm-none-eabi-gcc-xpack/arm-none-eabi-gcc-xpack/build/linux-x64/application --with-sysroot=/__w/arm-none-eabi-gcc-xpack/arm-none-eabi-gcc-xpack/build/linux-x64/application/arm-none-eabi --with-native-system-header-dir=/include --infodir=/__w/arm-none-eabi-gcc-xpack/arm-none-eabi-gcc-xpack/build/linux-x64/x86_64-pc-linux-gnu/install/share/info --mandir=/__w/arm-none-eabi-gcc-xpack/arm-none-eabi-gcc-xpack/build/linux-x64/x86_64-pc-linux-gnu/install/share/man --htmldir=/__w/arm-none-eabi-gcc-xpack/arm-none-eabi-gcc-xpack/build/linux-x64/x86_64-pc-linux-gnu/install/share/html --pdfdir=/__w/arm-none-eabi-gcc-xpack/arm-none-eabi-gcc-xpack/build/linux-x64/x86_64-pc-linux-gnu/install/share/pdf --build=x86_64-pc-linux-gnu --host=x86_64-pc-linux-gnu --target=arm-none-eabi --disable-libgomp --disable-libmudflap --disable-libquadmath --disable-libsanitizer --disable-libssp --disable-nls --disable-shared --disable-threads --disable-tls --enable-checking=release --enable-languages=c,c++,fortran --with-gmp=/__w/arm-none-eabi-gcc-xpack/arm-none-eabi-gcc-xpack/build/linux-x64/x86_64-pc-linux-gnu/install --with-newlib --with-pkgversion='xPack GNU Arm Embedded GCC x86_64' --with-gnu-as --with-gnu-ld --with-system-zlib --disable-libatomic --enable-multilib --with-multilib-list=aprofile,rmprofile]
  ignore line: [Thread model: single]
  ignore line: [Supported LTO compression algorithms: zlib zstd]
  ignore line: [gcc version 13.2.1 20231009 (xPack GNU Arm Embedded GCC x86_64) ]
  ignore line: [COLLECT_GCC_OPTIONS='-fstack-usage' '-mcpu=cortex-m0plus' '-Wall' '-fdata-sections' '-ffunction-sections' '-fstack-usage' '-v' '-std=gnu11' '-o' 'CMakeFiles/cmTC_1aece.dir/CMakeCCompilerABI.c.obj' '-c' '-mfloat-abi=soft' '-mthumb' '-mlibarch=armv6s-m' '-march=armv6s-m' '-dumpdir' 'CMakeFiles/cmTC_1aece.dir/']
  ignore line: [ /home/xiwei/dev-tools/xpack-arm-none-eabi-gcc-13.2.1-1.1/bin/../libexec/gcc/arm-none-eabi/13.2.1/cc1 -quiet -v -imultilib thumb/v6-m/nofp -iprefix /home/xiwei/dev-tools/xpack-arm-none-eabi-gcc-13.2.1-1.1/bin/../lib/gcc/arm-none-eabi/13.2.1/ -isysroot /home/xiwei/dev-tools/xpack-arm-none-eabi-gcc-13.2.1-1.1/bin/../arm-none-eabi -D__USES_INITFINI__ /usr/share/cmake-3.22/Modules/CMakeCCompilerABI.c -quiet -dumpdir CMakeFiles/cmTC_1aece.dir/ -dumpbase CMakeCCompilerABI.c.c -dumpbase-ext .c -mcpu=cortex-m0plus -mfloat-abi=soft -mthumb -mlibarch=armv6s-m -march=armv6s-m -Wall -std=gnu11 -version -fstack-usage -fdata-sections -ffunction-sections -fstack-usage -o /tmp/ccIYAZH4.s]
  ignore line: [GNU C11 (xPack GNU Arm Embedded GCC x86_64) version 13.2.1 20231009 (arm-none-eabi)]
  ignore line: [	compiled by GNU C version 13.2.0  GMP version 6.2.1  MPFR version 3.1.6  MPC version 1.0.3  isl version isl-0.15-GMP]
  ignore line: []
  ignore line: [GGC heuristics: --param ggc-min-expand=100 --param ggc-min-heapsize=131072]
  ignore line: [ignoring duplicate directory "/home/xiwei/dev-tools/xpack-arm-none-eabi-gcc-13.2.1-1.1/bin/../lib/gcc/../../lib/gcc/arm-none-eabi/13.2.1/include"]
  ignore line: [ignoring nonexistent directory "/home/xiwei/dev-tools/xpack-arm-none-eabi-gcc-13.2.1-1.1/bin/../arm-none-eabi/usr/local/include"]
  ignore line: [ignoring duplicate directory "/home/xiwei/dev-tools/xpack-arm-none-eabi-gcc-13.2.1-1.1/bin/../lib/gcc/../../lib/gcc/arm-none-eabi/13.2.1/include-fixed"]
  ignore line: [ignoring duplicate directory "/home/xiwei/dev-tools/xpack-arm-none-eabi-gcc-13.2.1-1.1/bin/../lib/gcc/../../lib/gcc/arm-none-eabi/13.2.1/../../../../arm-none-eabi/include"]
  ignore line: [ignoring duplicate directory "/home/xiwei/dev-tools/xpack-arm-none-eabi-gcc-13.2.1-1.1/bin/../arm-none-eabi/include"]
  ignore line: [#include "..." search starts here:]
  ignore line: [#include <...> search starts here:]
  ignore line: [ /home/xiwei/dev-tools/xpack-arm-none-eabi-gcc-13.2.1-1.1/bin/../lib/gcc/arm-none-eabi/13.2.1/include]
  ignore line: [ /home/xiwei/dev-tools/xpack-arm-none-eabi-gcc-13.2.1-1.1/bin/../lib/gcc/arm-none-eabi/13.2.1/include-fixed]
  ignore line: [ /home/xiwei/dev-tools/xpack-arm-none-eabi-gcc-13.2.1-1.1/bin/../lib/gcc/arm-none-eabi/13.2.1/../../../../arm-none-eabi/include]
  ignore line: [End of search list.]
  ignore line: [Compiler executable checksum: 5c71ed4a4fa733403f884906b278dec3]
  ignore line: [COLLECT_GCC_OPTIONS='-fstack-usage' '-mcpu=cortex-m0plus' '-Wall' '-fdata-sections' '-ffunction-sections' '-fstack-usage' '-v' '-std=gnu11' '-o' 'CMakeFiles/cmTC_1aece.dir/CMakeCCompilerABI.c.obj' '-c' '-mfloat-abi=soft' '-mthumb' '-mlibarch=armv6s-m' '-march=armv6s-m' '-dumpdir' 'CMakeFiles/cmTC_1aece.dir/']
  ignore line: [ /home/xiwei/dev-tools/xpack-arm-none-eabi-gcc-13.2.1-1.1/bin/../lib/gcc/arm-none-eabi/13.2.1/../../../../arm-none-eabi/bin/as -v -march=armv6s-m -mfloat-abi=soft -meabi=5 -o CMakeFiles/cmTC_1aece.dir/CMakeCCompilerABI.c.obj /tmp/ccIYAZH4.s]
  ignore line: [GNU assembler version 2.41.0 (arm-none-eabi) using BFD version (xPack GNU Arm Embedded GCC x86_64) 2.41.0.20231009]
  ignore line: [COMPILER_PATH=/home/xiwei/dev-tools/xpack-arm-none-eabi-gcc-13.2.1-1.1/bin/../libexec/gcc/arm-none-eabi/13.2.1/:/home/xiwei/dev-tools/xpack-arm-none-eabi-gcc-13.2.1-1.1/bin/../libexec/gcc/:/home/xiwei/dev-tools/xpack-arm-none-eabi-gcc-13.2.1-1.1/bin/../lib/gcc/arm-none-eabi/13.2.1/../../../../arm-none-eabi/bin/]
  ignore line: [LIBRARY_PATH=/home/xiwei/dev-tools/xpack-arm-none-eabi-gcc-13.2.1-1.1/bin/../lib/gcc/arm-none-eabi/13.2.1/thumb/v6-m/nofp/:/home/xiwei/dev-tools/xpack-arm-none-eabi-gcc-13.2.1-1.1/bin/../lib/gcc/arm-none-eabi/13.2.1/../../../../arm-none-eabi/lib/thumb/v6-m/nofp/:/home/xiwei/dev-tools/xpack-arm-none-eabi-gcc-13.2.1-1.1/bin/../arm-none-eabi/lib/thumb/v6-m/nofp/:/home/xiwei/dev-tools/xpack-arm-none-eabi-gcc-13.2.1-1.1/bin/../lib/gcc/arm-none-eabi/13.2.1/:/home/xiwei/dev-tools/xpack-arm-none-eabi-gcc-13.2.1-1.1/bin/../lib/gcc/:/home/xiwei/dev-tools/xpack-arm-none-eabi-gcc-13.2.1-1.1/bin/../lib/gcc/arm-none-eabi/13.2.1/../../../../arm-none-eabi/lib/:/home/xiwei/dev-tools/xpack-arm-none-eabi-gcc-13.2.1-1.1/bin/../arm-none-eabi/lib/]
  ignore line: [COLLECT_GCC_OPTIONS='-fstack-usage' '-mcpu=cortex-m0plus' '-Wall' '-fdata-sections' '-ffunction-sections' '-fstack-usage' '-v' '-std=gnu11' '-o' 'CMakeFiles/cmTC_1aece.dir/CMakeCCompilerABI.c.obj' '-c' '-mfloat-abi=soft' '-mthumb' '-mlibarch=armv6s-m' '-march=armv6s-m' '-dumpdir' 'CMakeFiles/cmTC_1aece.dir/CMakeCCompilerABI.c.']
  ignore line: [[2/2] Linking C static library libcmTC_1aece.a]
  ignore line: []
  ignore line: []
  implicit libs: []
  implicit objs: []
  implicit dirs: []
  implicit fwks: []


Detecting CXX compiler ABI info compiled with the following output:
Change Dir: /home/xiwei/my_project_ZSA/AI_TRY_TCRT5000/build/Debug/CMakeFiles/CMakeTmp

Run Build Command(s):/usr/bin/ninja cmTC_af5dd && [1/2] Building CXX object CMakeFiles/cmTC_af5dd.dir/CMakeCXXCompilerABI.cpp.obj
Using built-in specs.
COLLECT_GCC=/home/xiwei/dev-tools/xpack-arm-none-eabi-gcc-13.2.1-1.1/bin/arm-none-eabi-g++
Target: arm-none-eabi
Configured with: /__w/arm-none-eabi-gcc-xpack/arm-none-eabi-gcc-xpack/build/linux-x64/sources/gcc/configure --prefix=/__w/arm-none-eabi-gcc-xpack/arm-none-eabi-gcc-xpack/build/linux-x64/application --with-sysroot=/__w/arm-none-eabi-gcc-xpack/arm-none-eabi-gcc-xpack/build/linux-x64/application/arm-none-eabi --with-native-system-header-dir=/include --infodir=/__w/arm-none-eabi-gcc-xpack/arm-none-eabi-gcc-xpack/build/linux-x64/x86_64-pc-linux-gnu/install/share/info --mandir=/__w/arm-none-eabi-gcc-xpack/arm-none-eabi-gcc-xpack/build/linux-x64/x86_64-pc-linux-gnu/install/share/man --htmldir=/__w/arm-none-eabi-gcc-xpack/arm-none-eabi-gcc-xpack/build/linux-x64/x86_64-pc-linux-gnu/install/share/html --pdfdir=/__w/arm-none-eabi-gcc-xpack/arm-none-eabi-gcc-xpack/build/linux-x64/x86_64-pc-linux-gnu/install/share/pdf --build=x86_64-pc-linux-gnu --host=x86_64-pc-linux-gnu --target=arm-none-eabi --disable-libgomp --disable-libmudflap --disable-libquadmath --disable-libsanitizer --disable-libssp --disable-nls --disable-shared --disable-threads --disable-tls --enable-checking=release --enable-languages=c,c++,fortran --with-gmp=/__w/arm-none-eabi-gcc-xpack/arm-none-eabi-gcc-xpack/build/linux-x64/x86_64-pc-linux-gnu/install --with-newlib --with-pkgversion='xPack GNU Arm Embedded GCC x86_64' --with-gnu-as --with-gnu-ld --with-system-zlib --disable-libatomic --enable-multilib --with-multilib-list=aprofile,rmprofile
Thread model: single
Supported LTO compression algorithms: zlib zstd
gcc version 13.2.1 20231009 (xPack GNU Arm Embedded GCC x86_64) 
COLLECT_GCC_OPTIONS='-fstack-usage' '-mcpu=cortex-m0plus' '-Wall' '-fdata-sections' '-ffunction-sections' '-fstack-usage' '-fno-rtti' '-fno-exceptions' '-fno-threadsafe-statics' '-v' '-o' 'CMakeFiles/cmTC_af5dd.dir/CMakeCXXCompilerABI.cpp.obj' '-c' '-mfloat-abi=soft' '-mthumb' '-mlibarch=armv6s-m' '-march=armv6s-m' '-dumpdir' 'CMakeFiles/cmTC_af5dd.dir/'
 /home/xiwei/dev-tools/xpack-arm-none-eabi-gcc-13.2.1-1.1/bin/../libexec/gcc/arm-none-eabi/13.2.1/cc1plus -quiet -v -imultilib thumb/v6-m/nofp -iprefix /home/xiwei/dev-tools/xpack-arm-none-eabi-gcc-13.2.1-1.1/bin/../lib/gcc/arm-none-eabi/13.2.1/ -isysroot /home/xiwei/dev-tools/xpack-arm-none-eabi-gcc-13.2.1-1.1/bin/../arm-none-eabi -D__USES_INITFINI__ /usr/share/cmake-3.22/Modules/CMakeCXXCompilerABI.cpp -quiet -dumpdir CMakeFiles/cmTC_af5dd.dir/ -dumpbase CMakeCXXCompilerABI.cpp.cpp -dumpbase-ext .cpp -mcpu=cortex-m0plus -mfloat-abi=soft -mthumb -mlibarch=armv6s-m -march=armv6s-m -Wall -version -fstack-usage -fdata-sections -ffunction-sections -fstack-usage -fno-rtti -fno-exceptions -fno-threadsafe-statics -o /tmp/ccGTssqQ.s
GNU C++17 (xPack GNU Arm Embedded GCC x86_64) version 13.2.1 20231009 (arm-none-eabi)
	compiled by GNU C version 13.2.0, GMP version 6.2.1, MPFR version 3.1.6, MPC version 1.0.3, isl version isl-0.15-GMP

GGC heuristics: --param ggc-min-expand=100 --param ggc-min-heapsize=131072
ignoring duplicate directory "/home/xiwei/dev-tools/xpack-arm-none-eabi-gcc-13.2.1-1.1/bin/../lib/gcc/../../lib/gcc/arm-none-eabi/13.2.1/../../../../arm-none-eabi/include/c++/13.2.1"
ignoring duplicate directory "/home/xiwei/dev-tools/xpack-arm-none-eabi-gcc-13.2.1-1.1/bin/../lib/gcc/../../lib/gcc/arm-none-eabi/13.2.1/../../../../arm-none-eabi/include/c++/13.2.1/arm-none-eabi/thumb/v6-m/nofp"
ignoring duplicate directory "/home/xiwei/dev-tools/xpack-arm-none-eabi-gcc-13.2.1-1.1/bin/../lib/gcc/../../lib/gcc/arm-none-eabi/13.2.1/../../../../arm-none-eabi/include/c++/13.2.1/backward"
ignoring duplicate directory "/home/xiwei/dev-tools/xpack-arm-none-eabi-gcc-13.2.1-1.1/bin/../lib/gcc/../../lib/gcc/arm-none-eabi/13.2.1/include"
ignoring nonexistent directory "/home/xiwei/dev-tools/xpack-arm-none-eabi-gcc-13.2.1-1.1/bin/../arm-none-eabi/usr/local/include"
ignoring duplicate directory "/home/xiwei/dev-tools/xpack-arm-none-eabi-gcc-13.2.1-1.1/bin/../lib/gcc/../../lib/gcc/arm-none-eabi/13.2.1/include-fixed"
ignoring duplicate directory "/home/xiwei/dev-tools/xpack-arm-none-eabi-gcc-13.2.1-1.1/bin/../lib/gcc/../../lib/gcc/arm-none-eabi/13.2.1/../../../../arm-none-eabi/include"
ignoring duplicate directory "/home/xiwei/dev-tools/xpack-arm-none-eabi-gcc-13.2.1-1.1/bin/../arm-none-eabi/include"
#include "..." search starts here:
#include <...> search starts here:
 /home/xiwei/dev-tools/xpack-arm-none-eabi-gcc-13.2.1-1.1/bin/../lib/gcc/arm-none-eabi/13.2.1/../../../../arm-none-eabi/include/c++/13.2.1
 /home/xiwei/dev-tools/xpack-arm-none-eabi-gcc-13.2.1-1.1/bin/../lib/gcc/arm-none-eabi/13.2.1/../../../../arm-none-eabi/include/c++/13.2.1/arm-none-eabi/thumb/v6-m/nofp
 /home/xiwei/dev-tools/xpack-arm-none-eabi-gcc-13.2.1-1.1/bin/../lib/gcc/arm-none-eabi/13.2.1/../../../../arm-none-eabi/include/c++/13.2.1/backward
 /home/xiwei/dev-tools/xpack-arm-none-eabi-gcc-13.2.1-1.1/bin/../lib/gcc/arm-none-eabi/13.2.1/include
 /home/xiwei/dev-tools/xpack-arm-none-eabi-gcc-13.2.1-1.1/bin/../lib/gcc/arm-none-eabi/13.2.1/include-fixed
 /home/xiwei/dev-tools/xpack-arm-none-eabi-gcc-13.2.1-1.1/bin/../lib/gcc/arm-none-eabi/13.2.1/../../../../arm-none-eabi/include
End of search list.
Compiler executable checksum: 98080e8c6de7bcebf5a554188f50de65
COLLECT_GCC_OPTIONS='-fstack-usage' '-mcpu=cortex-m0plus' '-Wall' '-fdata-sections' '-ffunction-sections' '-fstack-usage' '-fno-rtti' '-fno-exceptions' '-fno-threadsafe-statics' '-v' '-o' 'CMakeFiles/cmTC_af5dd.dir/CMakeCXXCompilerABI.cpp.obj' '-c' '-mfloat-abi=soft' '-mthumb' '-mlibarch=armv6s-m' '-march=armv6s-m' '-dumpdir' 'CMakeFiles/cmTC_af5dd.dir/'
 /home/xiwei/dev-tools/xpack-arm-none-eabi-gcc-13.2.1-1.1/bin/../lib/gcc/arm-none-eabi/13.2.1/../../../../arm-none-eabi/bin/as -v -march=armv6s-m -mfloat-abi=soft -meabi=5 -o CMakeFiles/cmTC_af5dd.dir/CMakeCXXCompilerABI.cpp.obj /tmp/ccGTssqQ.s
GNU assembler version 2.41.0 (arm-none-eabi) using BFD version (xPack GNU Arm Embedded GCC x86_64) 2.41.0.20231009
COMPILER_PATH=/home/xiwei/dev-tools/xpack-arm-none-eabi-gcc-13.2.1-1.1/bin/../libexec/gcc/arm-none-eabi/13.2.1/:/home/xiwei/dev-tools/xpack-arm-none-eabi-gcc-13.2.1-1.1/bin/../libexec/gcc/:/home/xiwei/dev-tools/xpack-arm-none-eabi-gcc-13.2.1-1.1/bin/../lib/gcc/arm-none-eabi/13.2.1/../../../../arm-none-eabi/bin/
LIBRARY_PATH=/home/xiwei/dev-tools/xpack-arm-none-eabi-gcc-13.2.1-1.1/bin/../lib/gcc/arm-none-eabi/13.2.1/thumb/v6-m/nofp/:/home/xiwei/dev-tools/xpack-arm-none-eabi-gcc-13.2.1-1.1/bin/../lib/gcc/arm-none-eabi/13.2.1/../../../../arm-none-eabi/lib/thumb/v6-m/nofp/:/home/xiwei/dev-tools/xpack-arm-none-eabi-gcc-13.2.1-1.1/bin/../arm-none-eabi/lib/thumb/v6-m/nofp/:/home/xiwei/dev-tools/xpack-arm-none-eabi-gcc-13.2.1-1.1/bin/../lib/gcc/arm-none-eabi/13.2.1/:/home/xiwei/dev-tools/xpack-arm-none-eabi-gcc-13.2.1-1.1/bin/../lib/gcc/:/home/xiwei/dev-tools/xpack-arm-none-eabi-gcc-13.2.1-1.1/bin/../lib/gcc/arm-none-eabi/13.2.1/../../../../arm-none-eabi/lib/:/home/xiwei/dev-tools/xpack-arm-none-eabi-gcc-13.2.1-1.1/bin/../arm-none-eabi/lib/
COLLECT_GCC_OPTIONS='-fstack-usage' '-mcpu=cortex-m0plus' '-Wall' '-fdata-sections' '-ffunction-sections' '-fstack-usage' '-fno-rtti' '-fno-exceptions' '-fno-threadsafe-statics' '-v' '-o' 'CMakeFiles/cmTC_af5dd.dir/CMakeCXXCompilerABI.cpp.obj' '-c' '-mfloat-abi=soft' '-mthumb' '-mlibarch=armv6s-m' '-march=armv6s-m' '-dumpdir' 'CMakeFiles/cmTC_af5dd.dir/CMakeCXXCompilerABI.cpp.'
[2/2] Linking CXX static library libcmTC_af5dd.a



Parsed CXX implicit include dir info from above output: rv=done
  found start of include info
  found start of implicit include info
    add: [/home/xiwei/dev-tools/xpack-arm-none-eabi-gcc-13.2.1-1.1/bin/../lib/gcc/arm-none-eabi/13.2.1/../../../../arm-none-eabi/include/c++/13.2.1]
    add: [/home/xiwei/dev-tools/xpack-arm-none-eabi-gcc-13.2.1-1.1/bin/../lib/gcc/arm-none-eabi/13.2.1/../../../../arm-none-eabi/include/c++/13.2.1/arm-none-eabi/thumb/v6-m/nofp]
    add: [/home/xiwei/dev-tools/xpack-arm-none-eabi-gcc-13.2.1-1.1/bin/../lib/gcc/arm-none-eabi/13.2.1/../../../../arm-none-eabi/include/c++/13.2.1/backward]
    add: [/home/xiwei/dev-tools/xpack-arm-none-eabi-gcc-13.2.1-1.1/bin/../lib/gcc/arm-none-eabi/13.2.1/include]
    add: [/home/xiwei/dev-tools/xpack-arm-none-eabi-gcc-13.2.1-1.1/bin/../lib/gcc/arm-none-eabi/13.2.1/include-fixed]
    add: [/home/xiwei/dev-tools/xpack-arm-none-eabi-gcc-13.2.1-1.1/bin/../lib/gcc/arm-none-eabi/13.2.1/../../../../arm-none-eabi/include]
  end of search list found
  collapse include dir [/home/xiwei/dev-tools/xpack-arm-none-eabi-gcc-13.2.1-1.1/bin/../lib/gcc/arm-none-eabi/13.2.1/../../../../arm-none-eabi/include/c++/13.2.1] ==> [/home/xiwei/dev-tools/xpack-arm-none-eabi-gcc-13.2.1-1.1/arm-none-eabi/include/c++/13.2.1]
  collapse include dir [/home/xiwei/dev-tools/xpack-arm-none-eabi-gcc-13.2.1-1.1/bin/../lib/gcc/arm-none-eabi/13.2.1/../../../../arm-none-eabi/include/c++/13.2.1/arm-none-eabi/thumb/v6-m/nofp] ==> [/home/xiwei/dev-tools/xpack-arm-none-eabi-gcc-13.2.1-1.1/arm-none-eabi/include/c++/13.2.1/arm-none-eabi/thumb/v6-m/nofp]
  collapse include dir [/home/xiwei/dev-tools/xpack-arm-none-eabi-gcc-13.2.1-1.1/bin/../lib/gcc/arm-none-eabi/13.2.1/../../../../arm-none-eabi/include/c++/13.2.1/backward] ==> [/home/xiwei/dev-tools/xpack-arm-none-eabi-gcc-13.2.1-1.1/arm-none-eabi/include/c++/13.2.1/backward]
  collapse include dir [/home/xiwei/dev-tools/xpack-arm-none-eabi-gcc-13.2.1-1.1/bin/../lib/gcc/arm-none-eabi/13.2.1/include] ==> [/home/xiwei/dev-tools/xpack-arm-none-eabi-gcc-13.2.1-1.1/lib/gcc/arm-none-eabi/13.2.1/include]
  collapse include dir [/home/xiwei/dev-tools/xpack-arm-none-eabi-gcc-13.2.1-1.1/bin/../lib/gcc/arm-none-eabi/13.2.1/include-fixed] ==> [/home/xiwei/dev-tools/xpack-arm-none-eabi-gcc-13.2.1-1.1/lib/gcc/arm-none-eabi/13.2.1/include-fixed]
  collapse include dir [/home/xiwei/dev-tools/xpack-arm-none-eabi-gcc-13.2.1-1.1/bin/../lib/gcc/arm-none-eabi/13.2.1/../../../../arm-none-eabi/include] ==> [/home/xiwei/dev-tools/xpack-arm-none-eabi-gcc-13.2.1-1.1/arm-none-eabi/include]
  implicit include dirs: [/home/xiwei/dev-tools/xpack-arm-none-eabi-gcc-13.2.1-1.1/arm-none-eabi/include/c++/13.2.1;/home/xiwei/dev-tools/xpack-arm-none-eabi-gcc-13.2.1-1.1/arm-none-eabi/include/c++/13.2.1/arm-none-eabi/thumb/v6-m/nofp;/home/xiwei/dev-tools/xpack-arm-none-eabi-gcc-13.2.1-1.1/arm-none-eabi/include/c++/13.2.1/backward;/home/xiwei/dev-tools/xpack-arm-none-eabi-gcc-13.2.1-1.1/lib/gcc/arm-none-eabi/13.2.1/include;/home/xiwei/dev-tools/xpack-arm-none-eabi-gcc-13.2.1-1.1/lib/gcc/arm-none-eabi/13.2.1/include-fixed;/home/xiwei/dev-tools/xpack-arm-none-eabi-gcc-13.2.1-1.1/arm-none-eabi/include]


Parsed CXX implicit link information from above output:
  link line regex: [^( *|.*[/\])(arm-none-eabi-g\+\+|CMAKE_LINK_STARTFILE-NOTFOUND|([^/\]+-)?ld|collect2)[^/\]*( |$)]
  ignore line: [Change Dir: /home/xiwei/my_project_ZSA/AI_TRY_TCRT5000/build/Debug/CMakeFiles/CMakeTmp]
  ignore line: []
  ignore line: [Run Build Command(s):/usr/bin/ninja cmTC_af5dd && [1/2] Building CXX object CMakeFiles/cmTC_af5dd.dir/CMakeCXXCompilerABI.cpp.obj]
  ignore line: [Using built-in specs.]
  ignore line: [COLLECT_GCC=/home/xiwei/dev-tools/xpack-arm-none-eabi-gcc-13.2.1-1.1/bin/arm-none-eabi-g++]
  ignore line: [Target: arm-none-eabi]
  ignore line: [Configured with: /__w/arm-none-eabi-gcc-xpack/arm-none-eabi-gcc-xpack/build/linux-x64/sources/gcc/configure --prefix=/__w/arm-none-eabi-gcc-xpack/arm-none-eabi-gcc-xpack/build/linux-x64/application --with-sysroot=/__w/arm-none-eabi-gcc-xpack/arm-none-eabi-gcc-xpack/build/linux-x64/application/arm-none-eabi --with-native-system-header-dir=/include --infodir=/__w/arm-none-eabi-gcc-xpack/arm-none-eabi-gcc-xpack/build/linux-x64/x86_64-pc-linux-gnu/install/share/info --mandir=/__w/arm-none-eabi-gcc-xpack/arm-none-eabi-gcc-xpack/build/linux-x64/x86_64-pc-linux-gnu/install/share/man --htmldir=/__w/arm-none-eabi-gcc-xpack/arm-none-eabi-gcc-xpack/build/linux-x64/x86_64-pc-linux-gnu/install/share/html --pdfdir=/__w/arm-none-eabi-gcc-xpack/arm-none-eabi-gcc-xpack/build/linux-x64/x86_64-pc-linux-gnu/install/share/pdf --build=x86_64-pc-linux-gnu --host=x86_64-pc-linux-gnu --target=arm-none-eabi --disable-libgomp --disable-libmudflap --disable-libquadmath --disable-libsanitizer --disable-libssp --disable-nls --disable-shared --disable-threads --disable-tls --enable-checking=release --enable-languages=c,c++,fortran --with-gmp=/__w/arm-none-eabi-gcc-xpack/arm-none-eabi-gcc-xpack/build/linux-x64/x86_64-pc-linux-gnu/install --with-newlib --with-pkgversion='xPack GNU Arm Embedded GCC x86_64' --with-gnu-as --with-gnu-ld --with-system-zlib --disable-libatomic --enable-multilib --with-multilib-list=aprofile,rmprofile]
  ignore line: [Thread model: single]
  ignore line: [Supported LTO compression algorithms: zlib zstd]
  ignore line: [gcc version 13.2.1 20231009 (xPack GNU Arm Embedded GCC x86_64) ]
  ignore line: [COLLECT_GCC_OPTIONS='-fstack-usage' '-mcpu=cortex-m0plus' '-Wall' '-fdata-sections' '-ffunction-sections' '-fstack-usage' '-fno-rtti' '-fno-exceptions' '-fno-threadsafe-statics' '-v' '-o' 'CMakeFiles/cmTC_af5dd.dir/CMakeCXXCompilerABI.cpp.obj' '-c' '-mfloat-abi=soft' '-mthumb' '-mlibarch=armv6s-m' '-march=armv6s-m' '-dumpdir' 'CMakeFiles/cmTC_af5dd.dir/']
  ignore line: [ /home/xiwei/dev-tools/xpack-arm-none-eabi-gcc-13.2.1-1.1/bin/../libexec/gcc/arm-none-eabi/13.2.1/cc1plus -quiet -v -imultilib thumb/v6-m/nofp -iprefix /home/xiwei/dev-tools/xpack-arm-none-eabi-gcc-13.2.1-1.1/bin/../lib/gcc/arm-none-eabi/13.2.1/ -isysroot /home/xiwei/dev-tools/xpack-arm-none-eabi-gcc-13.2.1-1.1/bin/../arm-none-eabi -D__USES_INITFINI__ /usr/share/cmake-3.22/Modules/CMakeCXXCompilerABI.cpp -quiet -dumpdir CMakeFiles/cmTC_af5dd.dir/ -dumpbase CMakeCXXCompilerABI.cpp.cpp -dumpbase-ext .cpp -mcpu=cortex-m0plus -mfloat-abi=soft -mthumb -mlibarch=armv6s-m -march=armv6s-m -Wall -version -fstack-usage -fdata-sections -ffunction-sections -fstack-usage -fno-rtti -fno-exceptions -fno-threadsafe-statics -o /tmp/ccGTssqQ.s]
  ignore line: [GNU C++17 (xPack GNU Arm Embedded GCC x86_64) version 13.2.1 20231009 (arm-none-eabi)]
  ignore line: [	compiled by GNU C version 13.2.0  GMP version 6.2.1  MPFR version 3.1.6  MPC version 1.0.3  isl version isl-0.15-GMP]
  ignore line: []
  ignore line: [GGC heuristics: --param ggc-min-expand=100 --param ggc-min-heapsize=131072]
  ignore line: [ignoring duplicate directory "/home/xiwei/dev-tools/xpack-arm-none-eabi-gcc-13.2.1-1.1/bin/../lib/gcc/../../lib/gcc/arm-none-eabi/13.2.1/../../../../arm-none-eabi/include/c++/13.2.1"]
  ignore line: [ignoring duplicate directory "/home/xiwei/dev-tools/xpack-arm-none-eabi-gcc-13.2.1-1.1/bin/../lib/gcc/../../lib/gcc/arm-none-eabi/13.2.1/../../../../arm-none-eabi/include/c++/13.2.1/arm-none-eabi/thumb/v6-m/nofp"]
  ignore line: [ignoring duplicate directory "/home/xiwei/dev-tools/xpack-arm-none-eabi-gcc-13.2.1-1.1/bin/../lib/gcc/../../lib/gcc/arm-none-eabi/13.2.1/../../../../arm-none-eabi/include/c++/13.2.1/backward"]
  ignore line: [ignoring duplicate directory "/home/xiwei/dev-tools/xpack-arm-none-eabi-gcc-13.2.1-1.1/bin/../lib/gcc/../../lib/gcc/arm-none-eabi/13.2.1/include"]
  ignore line: [ignoring nonexistent directory "/home/xiwei/dev-tools/xpack-arm-none-eabi-gcc-13.2.1-1.1/bin/../arm-none-eabi/usr/local/include"]
  ignore line: [ignoring duplicate directory "/home/xiwei/dev-tools/xpack-arm-none-eabi-gcc-13.2.1-1.1/bin/../lib/gcc/../../lib/gcc/arm-none-eabi/13.2.1/include-fixed"]
  ignore line: [ignoring duplicate directory "/home/xiwei/dev-tools/xpack-arm-none-eabi-gcc-13.2.1-1.1/bin/../lib/gcc/../../lib/gcc/arm-none-eabi/13.2.1/../../../../arm-none-eabi/include"]
  ignore line: [ignoring duplicate directory "/home/xiwei/dev-tools/xpack-arm-none-eabi-gcc-13.2.1-1.1/bin/../arm-none-eabi/include"]
  ignore line: [#include "..." search starts here:]
  ignore line: [#include <...> search starts here:]
  ignore line: [ /home/xiwei/dev-tools/xpack-arm-none-eabi-gcc-13.2.1-1.1/bin/../lib/gcc/arm-none-eabi/13.2.1/../../../../arm-none-eabi/include/c++/13.2.1]
  ignore line: [ /home/xiwei/dev-tools/xpack-arm-none-eabi-gcc-13.2.1-1.1/bin/../lib/gcc/arm-none-eabi/13.2.1/../../../../arm-none-eabi/include/c++/13.2.1/arm-none-eabi/thumb/v6-m/nofp]
  ignore line: [ /home/xiwei/dev-tools/xpack-arm-none-eabi-gcc-13.2.1-1.1/bin/../lib/gcc/arm-none-eabi/13.2.1/../../../../arm-none-eabi/include/c++/13.2.1/backward]
  ignore line: [ /home/xiwei/dev-tools/xpack-arm-none-eabi-gcc-13.2.1-1.1/bin/../lib/gcc/arm-none-eabi/13.2.1/include]
  ignore line: [ /home/xiwei/dev-tools/xpack-arm-none-eabi-gcc-13.2.1-1.1/bin/../lib/gcc/arm-none-eabi/13.2.1/include-fixed]
  ignore line: [ /home/xiwei/dev-tools/xpack-arm-none-eabi-gcc-13.2.1-1.1/bin/../lib/gcc/arm-none-eabi/13.2.1/../../../../arm-none-eabi/include]
  ignore line: [End of search list.]
  ignore line: [Compiler executable checksum: 98080e8c6de7bcebf5a554188f50de65]
  ignore line: [COLLECT_GCC_OPTIONS='-fstack-usage' '-mcpu=cortex-m0plus' '-Wall' '-fdata-sections' '-ffunction-sections' '-fstack-usage' '-fno-rtti' '-fno-exceptions' '-fno-threadsafe-statics' '-v' '-o' 'CMakeFiles/cmTC_af5dd.dir/CMakeCXXCompilerABI.cpp.obj' '-c' '-mfloat-abi=soft' '-mthumb' '-mlibarch=armv6s-m' '-march=armv6s-m' '-dumpdir' 'CMakeFiles/cmTC_af5dd.dir/']
  ignore line: [ /home/xiwei/dev-tools/xpack-arm-none-eabi-gcc-13.2.1-1.1/bin/../lib/gcc/arm-none-eabi/13.2.1/../../../../arm-none-eabi/bin/as -v -march=armv6s-m -mfloat-abi=soft -meabi=5 -o CMakeFiles/cmTC_af5dd.dir/CMakeCXXCompilerABI.cpp.obj /tmp/ccGTssqQ.s]
  ignore line: [GNU assembler version 2.41.0 (arm-none-eabi) using BFD version (xPack GNU Arm Embedded GCC x86_64) 2.41.0.20231009]
  ignore line: [COMPILER_PATH=/home/xiwei/dev-tools/xpack-arm-none-eabi-gcc-13.2.1-1.1/bin/../libexec/gcc/arm-none-eabi/13.2.1/:/home/xiwei/dev-tools/xpack-arm-none-eabi-gcc-13.2.1-1.1/bin/../libexec/gcc/:/home/xiwei/dev-tools/xpack-arm-none-eabi-gcc-13.2.1-1.1/bin/../lib/gcc/arm-none-eabi/13.2.1/../../../../arm-none-eabi/bin/]
  ignore line: [LIBRARY_PATH=/home/xiwei/dev-tools/xpack-arm-none-eabi-gcc-13.2.1-1.1/bin/../lib/gcc/arm-none-eabi/13.2.1/thumb/v6-m/nofp/:/home/xiwei/dev-tools/xpack-arm-none-eabi-gcc-13.2.1-1.1/bin/../lib/gcc/arm-none-eabi/13.2.1/../../../../arm-none-eabi/lib/thumb/v6-m/nofp/:/home/xiwei/dev-tools/xpack-arm-none-eabi-gcc-13.2.1-1.1/bin/../arm-none-eabi/lib/thumb/v6-m/nofp/:/home/xiwei/dev-tools/xpack-arm-none-eabi-gcc-13.2.1-1.1/bin/../lib/gcc/arm-none-eabi/13.2.1/:/home/xiwei/dev-tools/xpack-arm-none-eabi-gcc-13.2.1-1.1/bin/../lib/gcc/:/home/xiwei/dev-tools/xpack-arm-none-eabi-gcc-13.2.1-1.1/bin/../lib/gcc/arm-none-eabi/13.2.1/../../../../arm-none-eabi/lib/:/home/xiwei/dev-tools/xpack-arm-none-eabi-gcc-13.2.1-1.1/bin/../arm-none-eabi/lib/]
  ignore line: [COLLECT_GCC_OPTIONS='-fstack-usage' '-mcpu=cortex-m0plus' '-Wall' '-fdata-sections' '-ffunction-sections' '-fstack-usage' '-fno-rtti' '-fno-exceptions' '-fno-threadsafe-statics' '-v' '-o' 'CMakeFiles/cmTC_af5dd.dir/CMakeCXXCompilerABI.cpp.obj' '-c' '-mfloat-abi=soft' '-mthumb' '-mlibarch=armv6s-m' '-march=armv6s-m' '-dumpdir' 'CMakeFiles/cmTC_af5dd.dir/CMakeCXXCompilerABI.cpp.']
  ignore line: [[2/2] Linking CXX static library libcmTC_af5dd.a]
  ignore line: []
  ignore line: []
  implicit libs: []
  implicit objs: []
  implicit dirs: []
  implicit fwks: []


Checking whether the ASM compiler is GNU using "--version" matched "(GNU assembler)|(GCC)|(Free Software Foundation)":
arm-none-eabi-gcc (xPack GNU Arm Embedded GCC x86_64) 13.2.1 20231009
Copyright (C) 2023 Free Software Foundation, Inc.
This is free software; see the source for copying conditions.  There is NO
warranty; not even for MERCHANTABILITY or FITNESS FOR A PARTICULAR PURPOSE.

