Archive member included to satisfy reference by file (symbol)

/home/xiwei/dev-tools/xpack-arm-none-eabi-gcc-13.2.1-1.1/bin/../lib/gcc/arm-none-eabi/13.2.1/thumb/v6-m/nofp/libgcc.a(_udivsi3.o)
                              cmake/stm32cubemx/CMakeFiles/STM32_Drivers.dir/__/__/Core/Src/system_stm32g0xx.c.obj (__aeabi_uidiv)
/home/xiwei/dev-tools/xpack-arm-none-eabi-gcc-13.2.1-1.1/bin/../lib/gcc/arm-none-eabi/13.2.1/thumb/v6-m/nofp/libgcc.a(_divsi3.o)
                              cmake/stm32cubemx/CMakeFiles/STM32_Drivers.dir/__/__/Drivers/STM32G0xx_HAL_Driver/Src/stm32g0xx_hal_uart_ex.c.obj (__aeabi_idiv)
/home/xiwei/dev-tools/xpack-arm-none-eabi-gcc-13.2.1-1.1/bin/../lib/gcc/arm-none-eabi/13.2.1/thumb/v6-m/nofp/libgcc.a(_dvmd_tls.o)
                              /home/xiwei/dev-tools/xpack-arm-none-eabi-gcc-13.2.1-1.1/bin/../lib/gcc/arm-none-eabi/13.2.1/thumb/v6-m/nofp/libgcc.a(_udivsi3.o) (__aeabi_idiv0)
/home/xiwei/dev-tools/xpack-arm-none-eabi-gcc-13.2.1-1.1/bin/../lib/gcc/arm-none-eabi/13.2.1/thumb/v6-m/nofp/libgcc.a(_aeabi_uldivmod.o)
                              cmake/stm32cubemx/CMakeFiles/STM32_Drivers.dir/__/__/Drivers/STM32G0xx_HAL_Driver/Src/stm32g0xx_hal_uart.c.obj (__aeabi_uldivmod)
/home/xiwei/dev-tools/xpack-arm-none-eabi-gcc-13.2.1-1.1/bin/../lib/gcc/arm-none-eabi/13.2.1/thumb/v6-m/nofp/libgcc.a(_udivmoddi4.o)
                              /home/xiwei/dev-tools/xpack-arm-none-eabi-gcc-13.2.1-1.1/bin/../lib/gcc/arm-none-eabi/13.2.1/thumb/v6-m/nofp/libgcc.a(_aeabi_uldivmod.o) (__udivmoddi4)
/home/xiwei/dev-tools/xpack-arm-none-eabi-gcc-13.2.1-1.1/bin/../lib/gcc/arm-none-eabi/13.2.1/thumb/v6-m/nofp/libgcc.a(_clzdi2.o)
                              /home/xiwei/dev-tools/xpack-arm-none-eabi-gcc-13.2.1-1.1/bin/../lib/gcc/arm-none-eabi/13.2.1/thumb/v6-m/nofp/libgcc.a(_udivmoddi4.o) (__clzdi2)
/home/xiwei/dev-tools/xpack-arm-none-eabi-gcc-13.2.1-1.1/bin/../lib/gcc/arm-none-eabi/13.2.1/thumb/v6-m/nofp/libgcc.a(_clzsi2.o)
                              /home/xiwei/dev-tools/xpack-arm-none-eabi-gcc-13.2.1-1.1/bin/../lib/gcc/arm-none-eabi/13.2.1/thumb/v6-m/nofp/libgcc.a(_clzdi2.o) (__clzsi2)
/home/xiwei/dev-tools/xpack-arm-none-eabi-gcc-13.2.1-1.1/bin/../lib/gcc/arm-none-eabi/13.2.1/../../../../arm-none-eabi/lib/thumb/v6-m/nofp/libg_nano.a(libc_a-atexit.o)
                              /home/xiwei/dev-tools/xpack-arm-none-eabi-gcc-13.2.1-1.1/bin/../lib/gcc/arm-none-eabi/13.2.1/../../../../arm-none-eabi/lib/thumb/v6-m/nofp/crt0.o (atexit)
/home/xiwei/dev-tools/xpack-arm-none-eabi-gcc-13.2.1-1.1/bin/../lib/gcc/arm-none-eabi/13.2.1/../../../../arm-none-eabi/lib/thumb/v6-m/nofp/libg_nano.a(libc_a-exit.o)
                              /home/xiwei/dev-tools/xpack-arm-none-eabi-gcc-13.2.1-1.1/bin/../lib/gcc/arm-none-eabi/13.2.1/../../../../arm-none-eabi/lib/thumb/v6-m/nofp/crt0.o (exit)
/home/xiwei/dev-tools/xpack-arm-none-eabi-gcc-13.2.1-1.1/bin/../lib/gcc/arm-none-eabi/13.2.1/../../../../arm-none-eabi/lib/thumb/v6-m/nofp/libg_nano.a(libc_a-findfp.o)
                              /home/xiwei/dev-tools/xpack-arm-none-eabi-gcc-13.2.1-1.1/bin/../lib/gcc/arm-none-eabi/13.2.1/../../../../arm-none-eabi/lib/thumb/v6-m/nofp/libg_nano.a(libc_a-exit.o) (__stdio_exit_handler)
/home/xiwei/dev-tools/xpack-arm-none-eabi-gcc-13.2.1-1.1/bin/../lib/gcc/arm-none-eabi/13.2.1/../../../../arm-none-eabi/lib/thumb/v6-m/nofp/libg_nano.a(libc_a-fwalk.o)
                              /home/xiwei/dev-tools/xpack-arm-none-eabi-gcc-13.2.1-1.1/bin/../lib/gcc/arm-none-eabi/13.2.1/../../../../arm-none-eabi/lib/thumb/v6-m/nofp/libg_nano.a(libc_a-findfp.o) (_fwalk_sglue)
/home/xiwei/dev-tools/xpack-arm-none-eabi-gcc-13.2.1-1.1/bin/../lib/gcc/arm-none-eabi/13.2.1/../../../../arm-none-eabi/lib/thumb/v6-m/nofp/libg_nano.a(libc_a-stdio.o)
                              /home/xiwei/dev-tools/xpack-arm-none-eabi-gcc-13.2.1-1.1/bin/../lib/gcc/arm-none-eabi/13.2.1/../../../../arm-none-eabi/lib/thumb/v6-m/nofp/libg_nano.a(libc_a-findfp.o) (__sread)
/home/xiwei/dev-tools/xpack-arm-none-eabi-gcc-13.2.1-1.1/bin/../lib/gcc/arm-none-eabi/13.2.1/../../../../arm-none-eabi/lib/thumb/v6-m/nofp/libg_nano.a(libc_a-memset.o)
                              /home/xiwei/dev-tools/xpack-arm-none-eabi-gcc-13.2.1-1.1/bin/../lib/gcc/arm-none-eabi/13.2.1/../../../../arm-none-eabi/lib/thumb/v6-m/nofp/crt0.o (memset)
/home/xiwei/dev-tools/xpack-arm-none-eabi-gcc-13.2.1-1.1/bin/../lib/gcc/arm-none-eabi/13.2.1/../../../../arm-none-eabi/lib/thumb/v6-m/nofp/libg_nano.a(libc_a-closer.o)
                              /home/xiwei/dev-tools/xpack-arm-none-eabi-gcc-13.2.1-1.1/bin/../lib/gcc/arm-none-eabi/13.2.1/../../../../arm-none-eabi/lib/thumb/v6-m/nofp/libg_nano.a(libc_a-stdio.o) (_close_r)
/home/xiwei/dev-tools/xpack-arm-none-eabi-gcc-13.2.1-1.1/bin/../lib/gcc/arm-none-eabi/13.2.1/../../../../arm-none-eabi/lib/thumb/v6-m/nofp/libg_nano.a(libc_a-reent.o)
[...]
Memory Configuration

Name             Origin             Length             Attributes
RAM              0x20000000         0x00024000         xrw
FLASH            0x08000000         0x00040000         xr
*default*        0x00000000         0xffffffff

Linker script and memory map

LOAD /home/xiwei/dev-tools/xpack-arm-none-eabi-gcc-13.2.1-1.1/bin/../lib/gcc/arm-none-eabi/13.2.1/thumb/v6-m/nofp/crti.o
LOAD /home/xiwei/dev-tools/xpack-arm-none-eabi-gcc-13.2.1-1.1/bin/../lib/gcc/arm-none-eabi/13.2.1/thumb/v6-m/nofp/crtbegin.o
LOAD /home/xiwei/dev-tools/xpack-arm-none-eabi-gcc-13.2.1-1.1/bin/../lib/gcc/arm-none-eabi/13.2.1/../../../../arm-none-eabi/lib/thumb/v6-m/nofp/crt0.o
LOAD cmake/stm32cubemx/CMakeFiles/STM32_Drivers.dir/__/__/Core/Src/system_stm32g0xx.c.obj
LOAD cmake/stm32cubemx/CMakeFiles/STM32_Drivers.dir/__/__/Drivers/STM32G0xx_HAL_Driver/Src/stm32g0xx_hal_adc.c.obj
LOAD cmake/stm32cubemx/CMakeFiles/STM32_Drivers.dir/__/__/Drivers/STM32G0xx_HAL_Driver/Src/stm32g0xx_hal_adc_ex.c.obj
LOAD cmake/stm32cubemx/CMakeFiles/STM32_Drivers.dir/__/__/Drivers/STM32G0xx_HAL_Driver/Src/stm32g0xx_ll_adc.c.obj
LOAD cmake/stm32cubemx/CMakeFiles/STM32_Drivers.dir/__/__/Drivers/STM32G0xx_HAL_Driver/Src/stm32g0xx_hal_rcc.c.obj
LOAD cmake/stm32cubemx/CMakeFiles/STM32_Drivers.dir/__/__/Drivers/STM32G0xx_HAL_Driver/Src/stm32g0xx_hal_rcc_ex.c.obj
LOAD cmake/stm32cubemx/CMakeFiles/STM32_Drivers.dir/__/__/Drivers/STM32G0xx_HAL_Driver/Src/stm32g0xx_ll_rcc.c.obj
LOAD cmake/stm32cubemx/CMakeFiles/STM32_Drivers.dir/__/__/Drivers/STM32G0xx_HAL_Driver/Src/stm32g0xx_hal_flash.c.obj
LOAD cmake/stm32cubemx/CMakeFiles/STM32_Drivers.dir/__/__/Drivers/STM32G0xx_HAL_Driver/Src/stm32g0xx_hal_flash_ex.c.obj
LOAD cmake/stm32cubemx/CMakeFiles/STM32_Drivers.dir/__/__/Drivers/STM32G0xx_HAL_Driver/Src/stm32g0xx_hal_gpio.c.obj
LOAD cmake/stm32cubemx/CMakeFiles/STM32_Drivers.dir/__/__/Drivers/STM32G0xx_HAL_Driver/Src/stm32g0xx_hal_dma.c.obj
LOAD cmake/stm32cubemx/CMakeFiles/STM32_Drivers.dir/__/__/Drivers/STM32G0xx_HAL_Driver/Src/stm32g0xx_hal_dma_ex.c.obj
LOAD cmake/stm32cubemx/CMakeFiles/STM32_Drivers.dir/__/__/Drivers/STM32G0xx_HAL_Driver/Src/stm32g0xx_hal_pwr.c.obj
LOAD cmake/stm32cubemx/CMakeFiles/STM32_Drivers.dir/__/__/Drivers/STM32G0xx_HAL_Driver/Src/stm32g0xx_hal_pwr_ex.c.obj
LOAD cmake/stm32cubemx/CMakeFiles/STM32_Drivers.dir/__/__/Drivers/STM32G0xx_HAL_Driver/Src/stm32g0xx_hal_cortex.c.obj
LOAD cmake/stm32cubemx/CMakeFiles/STM32_Drivers.dir/__/__/Drivers/STM32G0xx_HAL_Driver/Src/stm32g0xx_hal.c.obj
LOAD cmake/stm32cubemx/CMakeFiles/STM32_Drivers.dir/__/__/Drivers/STM32G0xx_HAL_Driver/Src/stm32g0xx_hal_exti.c.obj
LOAD cmake/stm32cubemx/CMakeFiles/STM32_Drivers.dir/__/__/Drivers/STM32G0xx_HAL_Driver/Src/stm32g0xx_hal_tim.c.obj
LOAD cmake/stm32cubemx/CMakeFiles/STM32_Drivers.dir/__/__/Drivers/STM32G0xx_HAL_Driver/Src/stm32g0xx_hal_tim_ex.c.obj
LOAD cmake/stm32cubemx/CMakeFiles/STM32_Drivers.dir/__/__/Drivers/STM32G0xx_HAL_Driver/Src/stm32g0xx_hal_uart.c.obj
LOAD cmake/stm32cubemx/CMakeFiles/STM32_Drivers.dir/__/__/Drivers/STM32G0xx_HAL_Driver/Src/stm32g0xx_hal_uart_ex.c.obj
LOAD CMakeFiles/AI_TRY_TCRT500.dir/Core/Src/main.c.obj
LOAD CMakeFiles/AI_TRY_TCRT500.dir/Core/Src/gpio.c.obj
LOAD CMakeFiles/AI_TRY_TCRT500.dir/Core/Src/adc.c.obj
LOAD CMakeFiles/AI_TRY_TCRT500.dir/Core/Src/tim.c.obj
LOAD CMakeFiles/AI_TRY_TCRT500.dir/Core/Src/usart.c.obj
LOAD CMakeFiles/AI_TRY_TCRT500.dir/Core/Src/stm32g0xx_it.c.obj
LOAD CMakeFiles/AI_TRY_TCRT500.dir/Core/Src/stm32g0xx_hal_msp.c.obj
LOAD CMakeFiles/AI_TRY_TCRT500.dir/Core/Src/sysmem.c.obj
LOAD CMakeFiles/AI_TRY_TCRT500.dir/Core/Src/syscalls.c.obj
LOAD CMakeFiles/AI_TRY_TCRT500.dir/startup_stm32g0b1xx.s.obj
LOAD /home/xiwei/dev-tools/xpack-arm-none-eabi-gcc-13.2.1-1.1/bin/../lib/gcc/arm-none-eabi/13.2.1/../../../../arm-none-eabi/lib/thumb/v6-m/nofp/libm.a
START GROUP
LOAD /home/xiwei/dev-tools/xpack-arm-none-eabi-gcc-13.2.1-1.1/bin/../lib/gcc/arm-none-eabi/13.2.1/thumb/v6-m/nofp/libgcc.a
LOAD /home/xiwei/dev-tools/xpack-arm-none-eabi-gcc-13.2.1-1.1/bin/../lib/gcc/arm-none-eabi/13.2.1/../../../../arm-none-eabi/lib/thumb/v6-m/nofp/libg_nano.a
LOAD /home/xiwei/dev-tools/xpack-arm-none-eabi-gcc-13.2.1-1.1/bin/../lib/gcc/arm-none-eabi/13.2.1/../../../../arm-none-eabi/lib/thumb/v6-m/nofp/libc_nano.a
END GROUP
START GROUP
LOAD /home/xiwei/dev-tools/xpack-arm-none-eabi-gcc-13.2.1-1.1/bin/../lib/gcc/arm-none-eabi/13.2.1/thumb/v6-m/nofp/libgcc.a
LOAD /home/xiwei/dev-tools/xpack-arm-none-eabi-gcc-13.2.1-1.1/bin/../lib/gcc/arm-none-eabi/13.2.1/../../../../arm-none-eabi/lib/thumb/v6-m/nofp/libc_nano.a
END GROUP
LOAD /home/xiwei/dev-tools/xpack-arm-none-eabi-gcc-13.2.1-1.1/bin/../lib/gcc/arm-none-eabi/13.2.1/thumb/v6-m/nofp/crtend.o
LOAD /home/xiwei/dev-tools/xpack-arm-none-eabi-gcc-13.2.1-1.1/bin/../lib/gcc/arm-none-eabi/13.2.1/thumb/v6-m/nofp/crtn.o
                0x20024000                        _estack = (ORIGIN (RAM) + LENGTH (RAM))
                0x20023c00                        _sstack = (_estack - _Min_Stack_Size)
                0x00000200                        _Min_Heap_Size = 0x200
                0x00000400                        _Min_Stack_Size = 0x400

.isr_vector     0x08000000       0xbc
                0x08000000                        . = ALIGN (0x4)
 *(.isr_vector)
 .isr_vector    0x08000000       0xbc CMakeFiles/AI_TRY_TCRT500.dir/startup_stm32g0b1xx.s.obj
                0x08000000                g_pfnVectors
                0x080000bc                        . = ALIGN (0x4)

.text           0x080000bc     0x480c
                0x080000bc                        . = ALIGN (0x4)
 *(.text)
 .text          0x080000bc      0x114 /home/xiwei/dev-tools/xpack-arm-none-eabi-gcc-13.2.1-1.1/bin/../lib/gcc/arm-none-eabi/13.2.1/thumb/v6-m/nofp/libgcc.a(_udivsi3.o)
                0x080000bc                __udivsi3
                0x080000bc                __aeabi_uidiv
                0x080001c8                __aeabi_uidivmod
 .text          0x080001d0      0x1d4 /home/xiwei/dev-tools/xpack-arm-none-eabi-gcc-13.2.1-1.1/bin/../lib/gcc/arm-none-eabi/13.2.1/thumb/v6-m/nofp/libgcc.a(_divsi3.o)
                0x080001d0                __aeabi_idiv
                0x080001d0                __divsi3
                0x0800039c                __aeabi_idivmod
 .text          0x080003a4        0x4 /home/xiwei/dev-tools/xpack-arm-none-eabi-gcc-13.2.1-1.1/bin/../lib/gcc/arm-none-eabi/13.2.1/thumb/v6-m/nofp/libgcc.a(_dvmd_tls.o)
                0x080003a4                __aeabi_ldiv0
                0x080003a4                __aeabi_idiv0
 .text          0x080003a8       0x40 /home/xiwei/dev-tools/xpack-arm-none-eabi-gcc-13.2.1-1.1/bin/../lib/gcc/arm-none-eabi/13.2.1/thumb/v6-m/nofp/libgcc.a(_aeabi_uldivmod.o)
                0x080003a8                __aeabi_uldivmod
 .text          0x080003e8       0x18 /home/xiwei/dev-tools/xpack-arm-none-eabi-gcc-13.2.1-1.1/bin/../lib/gcc/arm-none-eabi/13.2.1/thumb/v6-m/nofp/libgcc.a(_clzdi2.o)
                0x080003e8                __clzdi2
 .text          0x08000400       0x3c /home/xiwei/dev-tools/xpack-arm-none-eabi-gcc-13.2.1-1.1/bin/../lib/gcc/arm-none-eabi/13.2.1/thumb/v6-m/nofp/libgcc.a(_clzsi2.o)
                0x08000400                __clzsi2
 .text          0x0800043c        0xe /home/xiwei/dev-tools/xpack-arm-none-eabi-gcc-13.2.1-1.1/bin/../lib/gcc/arm-none-eabi/13.2.1/../../../../arm-none-eabi/lib/thumb/v6-m/nofp/libg_nano.a(libc_a-strlen.o)
                0x0800043c                strlen
 *(.text*)
 *fill*         0x0800044a        0x2 
 .text.__do_global_dtors_aux
                0x0800044c       0x28 /home/xiwei/dev-tools/xpack-arm-none-eabi-gcc-13.2.1-1.1/bin/../lib/gcc/arm-none-eabi/13.2.1/thumb/v6-m/nofp/crtbegin.o
 .text.frame_dummy
                0x08000474       0x20 /home/xiwei/dev-tools/xpack-arm-none-eabi-gcc-13.2.1-1.1/bin/../lib/gcc/arm-none-eabi/13.2.1/thumb/v6-m/nofp/crtbegin.o
 .text.SystemInit
                0x08000494        0xa cmake/stm32cubemx/CMakeFiles/STM32_Drivers.dir/__/__/Core/Src/system_stm32g0xx.c.obj
                0x08000494                SystemInit
 *fill*         0x0800049e        0x2 
 .text.LL_ADC_SetCommonPathInternalCh
                0x080004a0       0x28 cmake/stm32cubemx/CMakeFiles/STM32_Drivers.dir/__/__/Drivers/STM32G0xx_HAL_Driver/Src/stm32g0xx_hal_adc.c.obj
 .text.LL_ADC_GetCommonPathInternalCh
                0x080004c8       0x1a cmake/stm32cubemx/CMakeFiles/STM32_Drivers.dir/__/__/Drivers/STM32G0xx_HAL_Driver/Src/stm32g0xx_hal_adc.c.obj
 .text.LL_ADC_SetSamplingTimeCommonChannels
                0x080004e2       0x3a cmake/stm32cubemx/CMakeFiles/STM32_Drivers.dir/__/__/Drivers/STM32G0xx_HAL_Driver/Src/stm32g0xx_hal_adc.c.obj
 .text.LL_ADC_GetSamplingTimeCommonChannels
                0x0800051c       0x2e cmake/stm32cubemx/CMakeFiles/STM32_Drivers.dir/__/__/Drivers/STM32G0xx_HAL_Driver/Src/stm32g0xx_hal_adc.c.obj
 .text.LL_ADC_REG_IsTriggerSourceSWStart
                0x0800054a       0x22 cmake/stm32cubemx/CMakeFiles/STM32_Drivers.dir/__/__/Drivers/STM32G0xx_HAL_Driver/Src/stm32g0xx_hal_adc.c.obj
 .text.LL_ADC_REG_SetSequencerRanks
                0x0800056c       0x40 cmake/stm32cubemx/CMakeFiles/STM32_Drivers.dir/__/__/Drivers/STM32G0xx_HAL_Driver/Src/stm32g0xx_hal_adc.c.obj
 .text.LL_ADC_REG_SetSequencerChAdd
                0x080005ac       0x22 cmake/stm32cubemx/CMakeFiles/STM32_Drivers.dir/__/__/Drivers/STM32G0xx_HAL_Driver/Src/stm32g0xx_hal_adc.c.obj
 .text.LL_ADC_REG_SetSequencerChRem
                0x080005ce       0x24 cmake/stm32cubemx/CMakeFiles/STM32_Drivers.dir/__/__/Drivers/STM32G0xx_HAL_Driver/Src/stm32g0xx_hal_adc.c.obj
 *fill*         0x080005f2        0x2 
 .text.LL_ADC_SetChannelSamplingTime
                0x080005f4       0x38 cmake/stm32cubemx/CMakeFiles/STM32_Drivers.dir/__/__/Drivers/STM32G0xx_HAL_Driver/Src/stm32g0xx_hal_adc.c.obj
 .text.LL_ADC_EnableInternalRegulator
                0x0800062c       0x28 cmake/stm32cubemx/CMakeFiles/STM32_Drivers.dir/__/__/Drivers/STM32G0xx_HAL_Driver/Src/stm32g0xx_hal_adc.c.obj
 .text.LL_ADC_IsInternalRegulatorEnabled
                0x08000654       0x28 cmake/stm32cubemx/CMakeFiles/STM32_Drivers.dir/__/__/Drivers/STM32G0xx_HAL_Driver/Src/stm32g0xx_hal_adc.c.obj
 .text.LL_ADC_Enable
                0x0800067c       0x24 cmake/stm32cubemx/CMakeFiles/STM32_Drivers.dir/__/__/Drivers/STM32G0xx_HAL_Driver/Src/stm32g0xx_hal_adc.c.obj
 .text.LL_ADC_Disable
                0x080006a0       0x24 cmake/stm32cubemx/CMakeFiles/STM32_Drivers.dir/__/__/Drivers/STM32G0xx_HAL_Driver/Src/stm32g0xx_hal_adc.c.obj
 .text.LL_ADC_IsEnabled
                0x080006c4       0x22 cmake/stm32cubemx/CMakeFiles/STM32_Drivers.dir/__/__/Drivers/STM32G0xx_HAL_Driver/Src/stm32g0xx_hal_adc.c.obj
 .text.LL_ADC_IsDisableOngoing
                0x080006e6       0x22 cmake/stm32cubemx/CMakeFiles/STM32_Drivers.dir/__/__/Drivers/STM32G0xx_HAL_Driver/Src/stm32g0xx_hal_adc.c.obj
 .text.LL_ADC_REG_StartConversion
                0x08000708       0x24 cmake/stm32cubemx/CMakeFiles/STM32_Drivers.dir/__/__/Drivers/STM32G0xx_HAL_Driver/Src/stm32g0xx_hal_adc.c.obj
 .text.LL_ADC_REG_StopConversion
                0x0800072c       0x24 cmake/stm32cubemx/CMakeFiles/STM32_Drivers.dir/__/__/Drivers/STM32G0xx_HAL_Driver/Src/stm32g0xx_hal_adc.c.obj
 .text.LL_ADC_REG_IsConversionOngoing
                0x08000750       0x22 cmake/stm32cubemx/CMakeFiles/STM32_Drivers.dir/__/__/Drivers/STM32G0xx_HAL_Driver/Src/stm32g0xx_hal_adc.c.obj
 *fill*         0x08000772        0x2 
 .text.HAL_ADC_Init
                0x08000774      0x350 cmake/stm32cubemx/CMakeFiles/STM32_Drivers.dir/__/__/Drivers/STM32G0xx_HAL_Driver/Src/stm32g0xx_hal_adc.c.obj
                0x08000774                HAL_ADC_Init
 .text.HAL_ADC_Start
                0x08000ac4       0x9c cmake/stm32cubemx/CMakeFiles/STM32_Drivers.dir/__/__/Drivers/STM32G0xx_HAL_Driver/Src/stm32g0xx_hal_adc.c.obj
                0x08000ac4                HAL_ADC_Start
 .text.HAL_ADC_Stop
                0x08000b60       0x78 cmake/stm32cubemx/CMakeFiles/STM32_Drivers.dir/__/__/Drivers/STM32G0xx_HAL_Driver/Src/stm32g0xx_hal_adc.c.obj
                0x08000b60                HAL_ADC_Stop
 .text.HAL_ADC_PollForConversion
                0x08000bd8      0x128 cmake/stm32cubemx/CMakeFiles/STM32_Drivers.dir/__/__/Drivers/STM32G0xx_HAL_Driver/Src/stm32g0xx_hal_adc.c.obj
                0x08000bd8                HAL_ADC_PollForConversion
 .text.HAL_ADC_GetValue
                0x08000d00       0x16 cmake/stm32cubemx/CMakeFiles/STM32_Drivers.dir/__/__/Drivers/STM32G0xx_HAL_Driver/Src/stm32g0xx_hal_adc.c.obj
                0x08000d00                HAL_ADC_GetValue
 *fill*         0x08000d16        0x2 
 .text.HAL_ADC_ConfigChannel
                0x08000d18      0x3b0 cmake/stm32cubemx/CMakeFiles/STM32_Drivers.dir/__/__/Drivers/STM32G0xx_HAL_Driver/Src/stm32g0xx_hal_adc.c.obj
                0x08000d18                HAL_ADC_ConfigChannel
 .text.ADC_ConversionStop
                0x080010c8       0x84 cmake/stm32cubemx/CMakeFiles/STM32_Drivers.dir/__/__/Drivers/STM32G0xx_HAL_Driver/Src/stm32g0xx_hal_adc.c.obj
                0x080010c8                ADC_ConversionStop
 .text.ADC_Enable
                0x0800114c      0x10c cmake/stm32cubemx/CMakeFiles/STM32_Drivers.dir/__/__/Drivers/STM32G0xx_HAL_Driver/Src/stm32g0xx_hal_adc.c.obj
                0x0800114c                ADC_Enable
 .text.ADC_Disable
                0x08001258       0xbc cmake/stm32cubemx/CMakeFiles/STM32_Drivers.dir/__/__/Drivers/STM32G0xx_HAL_Driver/Src/stm32g0xx_hal_adc.c.obj
                0x08001258                ADC_Disable
 .text.LL_RCC_GetAPB1Prescaler
                0x08001314       0x18 cmake/stm32cubemx/CMakeFiles/STM32_Drivers.dir/__/__/Drivers/STM32G0xx_HAL_Driver/Src/stm32g0xx_hal_rcc.c.obj
 .text.HAL_RCC_OscConfig
                0x0800132c      0x6c0 cmake/stm32cubemx/CMakeFiles/STM32_Drivers.dir/__/__/Drivers/STM32G0xx_HAL_Driver/Src/stm32g0xx_hal_rcc.c.obj
                0x0800132c                HAL_RCC_OscConfig
 .text.HAL_RCC_ClockConfig
                0x080019ec      0x210 cmake/stm32cubemx/CMakeFiles/STM32_Drivers.dir/__/__/Drivers/STM32G0xx_HAL_Driver/Src/stm32g0xx_hal_rcc.c.obj
                0x080019ec                HAL_RCC_ClockConfig
 .text.HAL_RCC_GetSysClockFreq
                0x08001bfc      0x104 cmake/stm32cubemx/CMakeFiles/STM32_Drivers.dir/__/__/Drivers/STM32G0xx_HAL_Driver/Src/stm32g0xx_hal_rcc.c.obj
                0x08001bfc                HAL_RCC_GetSysClockFreq
 .text.HAL_RCC_GetHCLKFreq
                0x08001d00       0x14 cmake/stm32cubemx/CMakeFiles/STM32_Drivers.dir/__/__/Drivers/STM32G0xx_HAL_Driver/Src/stm32g0xx_hal_rcc.c.obj
                0x08001d00                HAL_RCC_GetHCLKFreq
 .text.HAL_RCC_GetPCLK1Freq
                0x08001d14       0x2c cmake/stm32cubemx/CMakeFiles/STM32_Drivers.dir/__/__/Drivers/STM32G0xx_HAL_Driver/Src/stm32g0xx_hal_rcc.c.obj
                0x08001d14                HAL_RCC_GetPCLK1Freq
 .text.HAL_RCCEx_PeriphCLKConfig
                0x08001d40      0x478 cmake/stm32cubemx/CMakeFiles/STM32_Drivers.dir/__/__/Drivers/STM32G0xx_HAL_Driver/Src/stm32g0xx_hal_rcc_ex.c.obj
                0x08001d40                HAL_RCCEx_PeriphCLKConfig
 .text.HAL_GPIO_Init
                0x080021b8      0x2d8 cmake/stm32cubemx/CMakeFiles/STM32_Drivers.dir/__/__/Drivers/STM32G0xx_HAL_Driver/Src/stm32g0xx_hal_gpio.c.obj
                0x080021b8                HAL_GPIO_Init
 .text.HAL_GPIO_WritePin
                0x08002490       0x3a cmake/stm32cubemx/CMakeFiles/STM32_Drivers.dir/__/__/Drivers/STM32G0xx_HAL_Driver/Src/stm32g0xx_hal_gpio.c.obj
                0x08002490                HAL_GPIO_WritePin
 *fill*         0x080024ca        0x2 
 .text.HAL_PWREx_ControlVoltageScaling
                0x080024cc       0x80 cmake/stm32cubemx/CMakeFiles/STM32_Drivers.dir/__/__/Drivers/STM32G0xx_HAL_Driver/Src/stm32g0xx_hal_pwr_ex.c.obj
                0x080024cc                HAL_PWREx_ControlVoltageScaling
 .text.__NVIC_EnableIRQ
                0x0800254c       0x34 cmake/stm32cubemx/CMakeFiles/STM32_Drivers.dir/__/__/Drivers/STM32G0xx_HAL_Driver/Src/stm32g0xx_hal_cortex.c.obj
 .text.__NVIC_SetPriority
                0x08002580       0xdc cmake/stm32cubemx/CMakeFiles/STM32_Drivers.dir/__/__/Drivers/STM32G0xx_HAL_Driver/Src/stm32g0xx_hal_cortex.c.obj
 .text.SysTick_Config
                0x0800265c       0x48 cmake/stm32cubemx/CMakeFiles/STM32_Drivers.dir/__/__/Drivers/STM32G0xx_HAL_Driver/Src/stm32g0xx_hal_cortex.c.obj
 .text.HAL_NVIC_SetPriority
                0x080026a4       0x2a cmake/stm32cubemx/CMakeFiles/STM32_Drivers.dir/__/__/Drivers/STM32G0xx_HAL_Driver/Src/stm32g0xx_hal_cortex.c.obj
                0x080026a4                HAL_NVIC_SetPriority
 .text.HAL_NVIC_EnableIRQ
                0x080026ce       0x20 cmake/stm32cubemx/CMakeFiles/STM32_Drivers.dir/__/__/Drivers/STM32G0xx_HAL_Driver/Src/stm32g0xx_hal_cortex.c.obj
                0x080026ce                HAL_NVIC_EnableIRQ
 .text.HAL_SYSTICK_Config
                0x080026ee       0x1a cmake/stm32cubemx/CMakeFiles/STM32_Drivers.dir/__/__/Drivers/STM32G0xx_HAL_Driver/Src/stm32g0xx_hal_cortex.c.obj
                0x080026ee                HAL_SYSTICK_Config
 .text.HAL_Init
                0x08002708       0x40 cmake/stm32cubemx/CMakeFiles/STM32_Drivers.dir/__/__/Drivers/STM32G0xx_HAL_Driver/Src/stm32g0xx_hal.c.obj
                0x08002708                HAL_Init
 .text.HAL_InitTick
                0x08002748       0x94 cmake/stm32cubemx/CMakeFiles/STM32_Drivers.dir/__/__/Drivers/STM32G0xx_HAL_Driver/Src/stm32g0xx_hal.c.obj
                0x08002748                HAL_InitTick
 .text.HAL_IncTick
                0x080027dc       0x24 cmake/stm32cubemx/CMakeFiles/STM32_Drivers.dir/__/__/Drivers/STM32G0xx_HAL_Driver/Src/stm32g0xx_hal.c.obj
                0x080027dc                HAL_IncTick
 .text.HAL_GetTick
                0x08002800       0x14 cmake/stm32cubemx/CMakeFiles/STM32_Drivers.dir/__/__/Drivers/STM32G0xx_HAL_Driver/Src/stm32g0xx_hal.c.obj
                0x08002800                HAL_GetTick
 .text.HAL_SYSCFG_StrobeDBattpinsConfig
                0x08002814       0x2c cmake/stm32cubemx/CMakeFiles/STM32_Drivers.dir/__/__/Drivers/STM32G0xx_HAL_Driver/Src/stm32g0xx_hal.c.obj
                0x08002814                HAL_SYSCFG_StrobeDBattpinsConfig
 .text.HAL_TIM_Base_Init
                0x08002840       0xb0 cmake/stm32cubemx/CMakeFiles/STM32_Drivers.dir/__/__/Drivers/STM32G0xx_HAL_Driver/Src/stm32g0xx_hal_tim.c.obj
                0x08002840                HAL_TIM_Base_Init
 .text.HAL_TIM_Base_Start_IT
                0x080028f0       0xc4 cmake/stm32cubemx/CMakeFiles/STM32_Drivers.dir/__/__/Drivers/STM32G0xx_HAL_Driver/Src/stm32g0xx_hal_tim.c.obj
                0x080028f0                HAL_TIM_Base_Start_IT
 .text.HAL_TIM_IRQHandler
                0x080029b4      0x210 cmake/stm32cubemx/CMakeFiles/STM32_Drivers.dir/__/__/Drivers/STM32G0xx_HAL_Driver/Src/stm32g0xx_hal_tim.c.obj
                0x080029b4                HAL_TIM_IRQHandler
 .text.HAL_TIM_OC_DelayElapsedCallback
                0x08002bc4       0x10 cmake/stm32cubemx/CMakeFiles/STM32_Drivers.dir/__/__/Drivers/STM32G0xx_HAL_Driver/Src/stm32g0xx_hal_tim.c.obj
                0x08002bc4                HAL_TIM_OC_DelayElapsedCallback
 .text.HAL_TIM_IC_CaptureCallback
                0x08002bd4       0x10 cmake/stm32cubemx/CMakeFiles/STM32_Drivers.dir/__/__/Drivers/STM32G0xx_HAL_Driver/Src/stm32g0xx_hal_tim.c.obj
                0x08002bd4                HAL_TIM_IC_CaptureCallback
 .text.HAL_TIM_PWM_PulseFinishedCallback
                0x08002be4       0x10 cmake/stm32cubemx/CMakeFiles/STM32_Drivers.dir/__/__/Drivers/STM32G0xx_HAL_Driver/Src/stm32g0xx_hal_tim.c.obj
                0x08002be4                HAL_TIM_PWM_PulseFinishedCallback
 .text.HAL_TIM_TriggerCallback
                0x08002bf4       0x10 cmake/stm32cubemx/CMakeFiles/STM32_Drivers.dir/__/__/Drivers/STM32G0xx_HAL_Driver/Src/stm32g0xx_hal_tim.c.obj
                0x08002bf4                HAL_TIM_TriggerCallback
 .text.TIM_Base_SetConfig
                0x08002c04      0x128 cmake/stm32cubemx/CMakeFiles/STM32_Drivers.dir/__/__/Drivers/STM32G0xx_HAL_Driver/Src/stm32g0xx_hal_tim.c.obj
                0x08002c04                TIM_Base_SetConfig
 .text.HAL_TIMEx_MasterConfigSynchronization
                0x08002d2c       0xec cmake/stm32cubemx/CMakeFiles/STM32_Drivers.dir/__/__/Drivers/STM32G0xx_HAL_Driver/Src/stm32g0xx_hal_tim_ex.c.obj
                0x08002d2c                HAL_TIMEx_MasterConfigSynchronization
 .text.HAL_TIMEx_CommutCallback
                0x08002e18       0x10 cmake/stm32cubemx/CMakeFiles/STM32_Drivers.dir/__/__/Drivers/STM32G0xx_HAL_Driver/Src/stm32g0xx_hal_tim_ex.c.obj
                0x08002e18                HAL_TIMEx_CommutCallback
 .text.HAL_TIMEx_BreakCallback
                0x08002e28       0x10 cmake/stm32cubemx/CMakeFiles/STM32_Drivers.dir/__/__/Drivers/STM32G0xx_HAL_Driver/Src/stm32g0xx_hal_tim_ex.c.obj
                0x08002e28                HAL_TIMEx_BreakCallback
 .text.HAL_TIMEx_Break2Callback
                0x08002e38       0x10 cmake/stm32cubemx/CMakeFiles/STM32_Drivers.dir/__/__/Drivers/STM32G0xx_HAL_Driver/Src/stm32g0xx_hal_tim_ex.c.obj
                0x08002e38                HAL_TIMEx_Break2Callback
 .text.HAL_UART_Init
                0x08002e48       0xac cmake/stm32cubemx/CMakeFiles/STM32_Drivers.dir/__/__/Drivers/STM32G0xx_HAL_Driver/Src/stm32g0xx_hal_uart.c.obj
                0x08002e48                HAL_UART_Init
 .text.HAL_UART_Transmit
                0x08002ef4      0x15c cmake/stm32cubemx/CMakeFiles/STM32_Drivers.dir/__/__/Drivers/STM32G0xx_HAL_Driver/Src/stm32g0xx_hal_uart.c.obj
                0x08002ef4                HAL_UART_Transmit
 .text.UART_SetConfig
                0x08003050      0x6ac cmake/stm32cubemx/CMakeFiles/STM32_Drivers.dir/__/__/Drivers/STM32G0xx_HAL_Driver/Src/stm32g0xx_hal_uart.c.obj
                0x08003050                UART_SetConfig
 .text.UART_AdvFeatureConfig
                0x080036fc      0x168 cmake/stm32cubemx/CMakeFiles/STM32_Drivers.dir/__/__/Drivers/STM32G0xx_HAL_Driver/Src/stm32g0xx_hal_uart.c.obj
                0x080036fc                UART_AdvFeatureConfig
 .text.UART_CheckIdleState
                0x08003864      0x154 cmake/stm32cubemx/CMakeFiles/STM32_Drivers.dir/__/__/Drivers/STM32G0xx_HAL_Driver/Src/stm32g0xx_hal_uart.c.obj
                0x08003864                UART_CheckIdleState
 .text.UART_WaitOnFlagUntilTimeout
                0x080039b8       0xde cmake/stm32cubemx/CMakeFiles/STM32_Drivers.dir/__/__/Drivers/STM32G0xx_HAL_Driver/Src/stm32g0xx_hal_uart.c.obj
                0x080039b8                UART_WaitOnFlagUntilTimeout
 *fill*         0x08003a96        0x2 
 .text.UART_EndRxTransfer
                0x08003a98       0xcc cmake/stm32cubemx/CMakeFiles/STM32_Drivers.dir/__/__/Drivers/STM32G0xx_HAL_Driver/Src/stm32g0xx_hal_uart.c.obj
 .text.HAL_UARTEx_DisableFifoMode
                0x08003b64       0x74 cmake/stm32cubemx/CMakeFiles/STM32_Drivers.dir/__/__/Drivers/STM32G0xx_HAL_Driver/Src/stm32g0xx_hal_uart_ex.c.obj
                0x08003b64                HAL_UARTEx_DisableFifoMode
 .text.HAL_UARTEx_SetTxFifoThreshold
                0x08003bd8       0x7e cmake/stm32cubemx/CMakeFiles/STM32_Drivers.dir/__/__/Drivers/STM32G0xx_HAL_Driver/Src/stm32g0xx_hal_uart_ex.c.obj
                0x08003bd8                HAL_UARTEx_SetTxFifoThreshold
 *fill*         0x08003c56        0x2 
 .text.HAL_UARTEx_SetRxFifoThreshold
                0x08003c58       0x84 cmake/stm32cubemx/CMakeFiles/STM32_Drivers.dir/__/__/Drivers/STM32G0xx_HAL_Driver/Src/stm32g0xx_hal_uart_ex.c.obj
                0x08003c58                HAL_UARTEx_SetRxFifoThreshold
 .text.UARTEx_SetNbDataToProcess
                0x08003cdc       0xbc cmake/stm32cubemx/CMakeFiles/STM32_Drivers.dir/__/__/Drivers/STM32G0xx_HAL_Driver/Src/stm32g0xx_hal_uart_ex.c.obj
 .text.uart_print
                0x08003d98       0x2c CMakeFiles/AI_TRY_TCRT500.dir/Core/Src/main.c.obj
 .text.send_row_frame
                0x08003dc4       0xc0 CMakeFiles/AI_TRY_TCRT500.dir/Core/Src/main.c.obj
 .text.HAL_TIM_PeriodElapsedCallback
                0x08003e84      0x104 CMakeFiles/AI_TRY_TCRT500.dir/Core/Src/main.c.obj
                0x08003e84                HAL_TIM_PeriodElapsedCallback
 .text.main     0x08003f88       0x60 CMakeFiles/AI_TRY_TCRT500.dir/Core/Src/main.c.obj
                0x08003f88                main
 .text.SystemClock_Config
                0x08003fe8       0xbc CMakeFiles/AI_TRY_TCRT500.dir/Core/Src/main.c.obj
                0x08003fe8                SystemClock_Config
 .text.Error_Handler
                0x080040a4        0xc CMakeFiles/AI_TRY_TCRT500.dir/Core/Src/main.c.obj
                0x080040a4                Error_Handler
 .text.MX_GPIO_Init
                0x080040b0       0xa4 CMakeFiles/AI_TRY_TCRT500.dir/Core/Src/gpio.c.obj
                0x080040b0                MX_GPIO_Init
 .text.MX_ADC1_Init
                0x08004154      0x1d0 CMakeFiles/AI_TRY_TCRT500.dir/Core/Src/adc.c.obj
                0x08004154                MX_ADC1_Init
 .text.HAL_ADC_MspInit
                0x08004324       0x88 CMakeFiles/AI_TRY_TCRT500.dir/Core/Src/adc.c.obj
                0x08004324                HAL_ADC_MspInit
 .text.MX_TIM6_Init
                0x080043ac       0x78 CMakeFiles/AI_TRY_TCRT500.dir/Core/Src/tim.c.obj
                0x080043ac                MX_TIM6_Init
 .text.HAL_TIM_Base_MspInit
                0x08004424       0x4c CMakeFiles/AI_TRY_TCRT500.dir/Core/Src/tim.c.obj
                0x08004424                HAL_TIM_Base_MspInit
 .text.MX_USART1_UART_Init
                0x08004470       0x9c CMakeFiles/AI_TRY_TCRT500.dir/Core/Src/usart.c.obj
                0x08004470                MX_USART1_UART_Init
 .text.HAL_UART_MspInit
                0x0800450c       0xc4 CMakeFiles/AI_TRY_TCRT500.dir/Core/Src/usart.c.obj
                0x0800450c                HAL_UART_MspInit
 .text.NMI_Handler
                0x080045d0        0x8 CMakeFiles/AI_TRY_TCRT500.dir/Core/Src/stm32g0xx_it.c.obj
                0x080045d0                NMI_Handler
 .text.HardFault_Handler
                0x080045d8        0x8 CMakeFiles/AI_TRY_TCRT500.dir/Core/Src/stm32g0xx_it.c.obj
                0x080045d8                HardFault_Handler
 .text.SVC_Handler
                0x080045e0        0xa CMakeFiles/AI_TRY_TCRT500.dir/Core/Src/stm32g0xx_it.c.obj
                0x080045e0                SVC_Handler
 .text.PendSV_Handler
                0x080045ea        0xa CMakeFiles/AI_TRY_TCRT500.dir/Core/Src/stm32g0xx_it.c.obj
                0x080045ea                PendSV_Handler
 .text.SysTick_Handler
                0x080045f4        0xe CMakeFiles/AI_TRY_TCRT500.dir/Core/Src/stm32g0xx_it.c.obj
                0x080045f4                SysTick_Handler
 *fill*         0x08004602        0x2 
 .text.TIM6_DAC_LPTIM1_IRQHandler
                0x08004604       0x18 CMakeFiles/AI_TRY_TCRT500.dir/Core/Src/stm32g0xx_it.c.obj
                0x08004604                TIM6_DAC_LPTIM1_IRQHandler
 .text.HAL_MspInit
                0x0800461c       0x50 CMakeFiles/AI_TRY_TCRT500.dir/Core/Src/stm32g0xx_hal_msp.c.obj
                0x0800461c                HAL_MspInit
 .text.Reset_Handler
                0x0800466c       0x50 CMakeFiles/AI_TRY_TCRT500.dir/startup_stm32g0b1xx.s.obj
                0x0800466c                Reset_Handler
 .text.Default_Handler
                0x080046bc        0x2 CMakeFiles/AI_TRY_TCRT500.dir/startup_stm32g0b1xx.s.obj
                0x080046bc                I2C2_3_IRQHandler
                0x080046bc                USART3_4_5_6_LPUART1_IRQHandler
                0x080046bc                TIM1_CC_IRQHandler
                0x080046bc                ADC1_COMP_IRQHandler
                0x080046bc                I2C1_IRQHandler
                0x080046bc                TIM7_LPTIM2_IRQHandler
                0x080046bc                TIM17_FDCAN_IT1_IRQHandler
                0x080046bc                DMA1_Ch4_7_DMA2_Ch1_5_DMAMUX1_OVR_IRQHandler
                0x080046bc                RCC_CRS_IRQHandler
                0x080046bc                RTC_TAMP_IRQHandler
                0x080046bc                SPI1_IRQHandler
                0x080046bc                USB_UCPD1_2_IRQHandler
                0x080046bc                EXTI2_3_IRQHandler
                0x080046bc                USART2_LPUART2_IRQHandler
                0x080046bc                PVD_VDDIO2_IRQHandler
                0x080046bc                EXTI4_15_IRQHandler
                0x080046bc                DMA1_Channel1_IRQHandler
                0x080046bc                Default_Handler
                0x080046bc                CEC_IRQHandler
                0x080046bc                TIM14_IRQHandler
                0x080046bc                TIM15_IRQHandler
                0x080046bc                TIM3_TIM4_IRQHandler
                0x080046bc                EXTI0_1_IRQHandler
                0x080046bc                SPI2_3_IRQHandler
                0x080046bc                WWDG_IRQHandler
                0x080046bc                TIM2_IRQHandler
                0x080046bc                DMA1_Channel2_3_IRQHandler
                0x080046bc                FLASH_IRQHandler
                0x080046bc                USART1_IRQHandler
                0x080046bc                TIM16_FDCAN_IT0_IRQHandler
                0x080046bc                TIM1_BRK_UP_TRG_COM_IRQHandler
 *fill*         0x080046be        0x2 
 .text.__udivmoddi4
                0x080046c0      0x198 /home/xiwei/dev-tools/xpack-arm-none-eabi-gcc-13.2.1-1.1/bin/../lib/gcc/arm-none-eabi/13.2.1/thumb/v6-m/nofp/libgcc.a(_udivmoddi4.o)
                0x080046c0                __udivmoddi4
 .text.memset   0x08004858       0x10 /home/xiwei/dev-tools/xpack-arm-none-eabi-gcc-13.2.1-1.1/bin/../lib/gcc/arm-none-eabi/13.2.1/../../../../arm-none-eabi/lib/thumb/v6-m/nofp/libg_nano.a(libc_a-memset.o)
                0x08004858                memset
 .text.__libc_init_array
                0x08004868       0x48 /home/xiwei/dev-tools/xpack-arm-none-eabi-gcc-13.2.1-1.1/bin/../lib/gcc/arm-none-eabi/13.2.1/../../../../arm-none-eabi/lib/thumb/v6-m/nofp/libg_nano.a(libc_a-init.o)
                0x08004868                __libc_init_array
 *(.glue_7)
 .glue_7        0x080048b0        0x0 linker stubs
 *(.glue_7t)
 .glue_7t       0x080048b0        0x0 linker stubs
 *(.eh_frame)
 .eh_frame      0x080048b0        0x0 /home/xiwei/dev-tools/xpack-arm-none-eabi-gcc-13.2.1-1.1/bin/../lib/gcc/arm-none-eabi/13.2.1/thumb/v6-m/nofp/crtbegin.o
 *(.init)
 .init          0x080048b0        0x4 /home/xiwei/dev-tools/xpack-arm-none-eabi-gcc-13.2.1-1.1/bin/../lib/gcc/arm-none-eabi/13.2.1/thumb/v6-m/nofp/crti.o
                0x080048b0                _init
 .init          0x080048b4        0x8 /home/xiwei/dev-tools/xpack-arm-none-eabi-gcc-13.2.1-1.1/bin/../lib/gcc/arm-none-eabi/13.2.1/thumb/v6-m/nofp/crtn.o
 *(.fini)
 .fini          0x080048bc        0x4 /home/xiwei/dev-tools/xpack-arm-none-eabi-gcc-13.2.1-1.1/bin/../lib/gcc/arm-none-eabi/13.2.1/thumb/v6-m/nofp/crti.o
                0x080048bc                _fini
 .fini          0x080048c0        0x8 /home/xiwei/dev-tools/xpack-arm-none-eabi-gcc-13.2.1-1.1/bin/../lib/gcc/arm-none-eabi/13.2.1/thumb/v6-m/nofp/crtn.o
                0x080048c8                        . = ALIGN (0x4)
                0x080048c8                        _etext = .

.vfp11_veneer   0x080048c8        0x0
 .vfp11_veneer  0x080048c8        0x0 linker stubs

.v4_bx          0x080048c8        0x0
 .v4_bx         0x080048c8        0x0 linker stubs

.iplt           0x080048c8        0x0
 .iplt          0x080048c8        0x0 /home/xiwei/dev-tools/xpack-arm-none-eabi-gcc-13.2.1-1.1/bin/../lib/gcc/arm-none-eabi/13.2.1/thumb/v6-m/nofp/crtbegin.o

.rodata         0x080048c8       0xe8
                0x080048c8                        . = ALIGN (0x4)
 *(.rodata)
 .rodata        0x080048c8       0x2d CMakeFiles/AI_TRY_TCRT500.dir/Core/Src/main.c.obj
 *(.rodata*)
 *fill*         0x080048f5        0x3 
 .rodata.AHBPrescTable
                0x080048f8       0x40 cmake/stm32cubemx/CMakeFiles/STM32_Drivers.dir/__/__/Core/Src/system_stm32g0xx.c.obj
                0x080048f8                AHBPrescTable
 .rodata.APBPrescTable
                0x08004938       0x20 cmake/stm32cubemx/CMakeFiles/STM32_Drivers.dir/__/__/Core/Src/system_stm32g0xx.c.obj
                0x08004938                APBPrescTable
 .rodata.UARTPrescTable
                0x08004958       0x18 cmake/stm32cubemx/CMakeFiles/STM32_Drivers.dir/__/__/Drivers/STM32G0xx_HAL_Driver/Src/stm32g0xx_hal_uart.c.obj
                0x08004958                UARTPrescTable
 .rodata.numerator.1
                0x08004970        0x8 cmake/stm32cubemx/CMakeFiles/STM32_Drivers.dir/__/__/Drivers/STM32G0xx_HAL_Driver/Src/stm32g0xx_hal_uart_ex.c.obj
 .rodata.denominator.0
                0x08004978        0x8 cmake/stm32cubemx/CMakeFiles/STM32_Drivers.dir/__/__/Drivers/STM32G0xx_HAL_Driver/Src/stm32g0xx_hal_uart_ex.c.obj
 .rodata.led_pins
                0x08004980       0x10 CMakeFiles/AI_TRY_TCRT500.dir/Core/Src/main.c.obj
 .rodata.adc_ch
                0x08004990       0x20 CMakeFiles/AI_TRY_TCRT500.dir/Core/Src/main.c.obj
                0x080049b0                        . = ALIGN (0x4)

.ARM.extab      0x080049b0        0x0
                0x080049b0                        . = ALIGN (0x4)
 *(.ARM.extab* .gnu.linkonce.armextab.*)
                0x080049b0                        . = ALIGN (0x4)

.ARM            0x080049b0        0x8
                0x080049b0                        . = ALIGN (0x4)
                0x080049b0                        __exidx_start = .
 *(.ARM.exidx*)
 .ARM.exidx.text.__udivmoddi4
                0x080049b0        0x8 /home/xiwei/dev-tools/xpack-arm-none-eabi-gcc-13.2.1-1.1/bin/../lib/gcc/arm-none-eabi/13.2.1/thumb/v6-m/nofp/libgcc.a(_udivmoddi4.o)
                0x080049b8                        __exidx_end = .
                0x080049b8                        . = ALIGN (0x4)

.preinit_array  0x080049b8        0x0
                0x080049b8                        . = ALIGN (0x4)
                0x080049b8                        PROVIDE (__preinit_array_start = .)
 *(.preinit_array*)
                0x080049b8                        PROVIDE (__preinit_array_end = .)
                0x080049b8                        . = ALIGN (0x4)

.init_array     0x080049b8        0x4
                0x080049b8                        . = ALIGN (0x4)
                0x080049b8                        PROVIDE (__init_array_start = .)
 *(SORT_BY_NAME(.init_array.*))
 *(.init_array*)
 .init_array    0x080049b8        0x4 /home/xiwei/dev-tools/xpack-arm-none-eabi-gcc-13.2.1-1.1/bin/../lib/gcc/arm-none-eabi/13.2.1/thumb/v6-m/nofp/crtbegin.o
                0x080049bc                        PROVIDE (__init_array_end = .)
                0x080049bc                        . = ALIGN (0x4)

.fini_array     0x080049bc        0x4
                0x080049bc                        . = ALIGN (0x4)
                0x080049bc                        PROVIDE (__fini_array_start = .)
 *(SORT_BY_NAME(.fini_array.*))
 *(.fini_array*)
 .fini_array    0x080049bc        0x4 /home/xiwei/dev-tools/xpack-arm-none-eabi-gcc-13.2.1-1.1/bin/../lib/gcc/arm-none-eabi/13.2.1/thumb/v6-m/nofp/crtbegin.o
                0x080049c0                        PROVIDE (__fini_array_end = .)
                0x080049c0                        . = ALIGN (0x4)
                0x080049c0                        _sidata = LOADADDR (.data)

.rel.dyn        0x080049c0        0x0
 .rel.iplt      0x080049c0        0x0 /home/xiwei/dev-tools/xpack-arm-none-eabi-gcc-13.2.1-1.1/bin/../lib/gcc/arm-none-eabi/13.2.1/thumb/v6-m/nofp/crtbegin.o

.data           0x20000000        0xc load address 0x080049c0
                0x20000000                        . = ALIGN (0x4)
                0x20000000                        _sdata = .
 *(.data)
 *(.data*)
 .data.SystemCoreClock
                0x20000000        0x4 cmake/stm32cubemx/CMakeFiles/STM32_Drivers.dir/__/__/Core/Src/system_stm32g0xx.c.obj
                0x20000000                SystemCoreClock
 .data.uwTickPrio
                0x20000004        0x4 cmake/stm32cubemx/CMakeFiles/STM32_Drivers.dir/__/__/Drivers/STM32G0xx_HAL_Driver/Src/stm32g0xx_hal.c.obj
                0x20000004                uwTickPrio
 .data.uwTickFreq
                0x20000008        0x1 cmake/stm32cubemx/CMakeFiles/STM32_Drivers.dir/__/__/Drivers/STM32G0xx_HAL_Driver/Src/stm32g0xx_hal.c.obj
                0x20000008                uwTickFreq
 *(.RamFunc)
 *(.RamFunc*)
                0x2000000c                        . = ALIGN (0x4)
 *fill*         0x20000009        0x3 

.igot.plt       0x2000000c        0x0 load address 0x080049cc
 .igot.plt      0x2000000c        0x0 /home/xiwei/dev-tools/xpack-arm-none-eabi-gcc-13.2.1-1.1/bin/../lib/gcc/arm-none-eabi/13.2.1/thumb/v6-m/nofp/crtbegin.o

.tdata          0x2000000c        0x0 load address 0x080049cc
 *(.tdata .tdata.* .gnu.linkonce.td.*)
                0x2000000c                        . = ALIGN (0x4)
                0x2000000c                        _edata = .
                [!provide]                        PROVIDE (__data_end = .)
                [!provide]                        PROVIDE (__tdata_end = .)
                [!provide]                        PROVIDE (__tdata_start = ADDR (.tdata))
                [!provide]                        PROVIDE (__tdata_size = (__tdata_end - __tdata_start))
                [!provide]                        PROVIDE (__data_start = ADDR (.data))
                [!provide]                        PROVIDE (__data_size = (__data_end - __data_start))
                [!provide]                        PROVIDE (__tdata_source = LOADADDR (.tdata))
                [!provide]                        PROVIDE (__tdata_source_end = (LOADADDR (.tdata) + SIZEOF (.tdata)))
                [!provide]                        PROVIDE (__tdata_source_size = (__tdata_source_end - __tdata_source))
                [!provide]                        PROVIDE (__data_source = LOADADDR (.data))
                [!provide]                        PROVIDE (__data_source_end = __tdata_source_end)
                [!provide]                        PROVIDE (__data_source_size = (__data_source_end - __data_source))

.tbss           0x2000000c        0x0 load address 0x080049cc
                0x2000000c                        _sbss = .
                0x2000000c                        __bss_start__ = _sbss
 *(.tbss .tbss.*)
                0x2000000c                        . = ALIGN (0x4)
                [!provide]                        PROVIDE (__tbss_end = .)
                [!provide]                        PROVIDE (__tbss_start = ADDR (.tbss))
                [!provide]                        PROVIDE (__tbss_size = (__tbss_end - __tbss_start))
                [!provide]                        PROVIDE (__tbss_offset = (ADDR (.tbss) - ADDR (.tdata)))
                [!provide]                        PROVIDE (__tls_base = __tdata_start)
                [!provide]                        PROVIDE (__tls_end = __tbss_end)
                [!provide]                        PROVIDE (__tls_size = (__tls_end - __tls_base))
                [!provide]                        PROVIDE (__tls_align = MAX (ALIGNOF (.tdata), ALIGNOF (.tbss)))
                [!provide]                        PROVIDE (__tls_size_align = (((__tls_size + __tls_align) - 0x1) & ~ ((__tls_align - 0x1))))
                [!provide]                        PROVIDE (__arm32_tls_tcb_offset = MAX (0x8, __tls_align))
                [!provide]                        PROVIDE (__arm64_tls_tcb_offset = MAX (0x10, __tls_align))

.bss            0x2000000c      0x180 load address 0x080049cc
 *(.bss)
 *(.bss*)
 .bss.completed.1
                0x2000000c        0x1 /home/xiwei/dev-tools/xpack-arm-none-eabi-gcc-13.2.1-1.1/bin/../lib/gcc/arm-none-eabi/13.2.1/thumb/v6-m/nofp/crtbegin.o
 *fill*         0x2000000d        0x3 
 .bss.object.0  0x20000010       0x18 /home/xiwei/dev-tools/xpack-arm-none-eabi-gcc-13.2.1-1.1/bin/../lib/gcc/arm-none-eabi/13.2.1/thumb/v6-m/nofp/crtbegin.o
 .bss.uwTick    0x20000028        0x4 cmake/stm32cubemx/CMakeFiles/STM32_Drivers.dir/__/__/Drivers/STM32G0xx_HAL_Driver/Src/stm32g0xx_hal.c.obj
                0x20000028                uwTick
 .bss.adc_row   0x2000002c       0x10 CMakeFiles/AI_TRY_TCRT500.dir/Core/Src/main.c.obj
 .bss.row_ready
                0x2000003c        0x4 CMakeFiles/AI_TRY_TCRT500.dir/Core/Src/main.c.obj
 .bss.row_cnt   0x20000040        0x2 CMakeFiles/AI_TRY_TCRT500.dir/Core/Src/main.c.obj
 *fill*         0x20000042        0x2 
 .bss.step      0x20000044        0x4 CMakeFiles/AI_TRY_TCRT500.dir/Core/Src/main.c.obj
 .bss.hadc1     0x20000048       0x64 CMakeFiles/AI_TRY_TCRT500.dir/Core/Src/adc.c.obj
                0x20000048                hadc1
 .bss.htim6     0x200000ac       0x4c CMakeFiles/AI_TRY_TCRT500.dir/Core/Src/tim.c.obj
                0x200000ac                htim6
 .bss.huart1    0x200000f8       0x94 CMakeFiles/AI_TRY_TCRT500.dir/Core/Src/usart.c.obj
                0x200000f8                huart1
 *(COMMON)
                0x2000018c                        . = ALIGN (0x4)
                0x2000018c                        _ebss = .
                0x2000018c                        __bss_end__ = _ebss
                [!provide]                        PROVIDE (__bss_end = .)
                [!provide]                        PROVIDE (__non_tls_bss_start = ADDR (.bss))
                [!provide]                        PROVIDE (__bss_start = __tbss_start)
                [!provide]                        PROVIDE (__bss_size = (__bss_end - __bss_start))

._user_heap_stack
                0x2000018c      0x604 load address 0x080049cc
                0x20000190                        . = ALIGN (0x8)
 *fill*         0x2000018c        0x4 
                [!provide]                        PROVIDE (end = .)
                0x20000190                        PROVIDE (_end = .)
                0x20000390                        . = (. + _Min_Heap_Size)
 *fill*         0x20000190      0x200 
                0x20000790                        . = (. + _Min_Stack_Size)
 *fill*         0x20000390      0x400 
                0x20000790                        . = ALIGN (0x8)

/DISCARD/
 libc.a:*(*)
 libm.a:*(*)
 libgcc.a:*(*)
OUTPUT(AI_TRY_TCRT500.elf elf32-littlearm)
LOAD linker stubs

.ARM.attributes
                0x00000000       0x28
 .ARM.attributes
                0x00000000       0x1e /home/xiwei/dev-tools/xpack-arm-none-eabi-gcc-13.2.1-1.1/bin/../lib/gcc/arm-none-eabi/13.2.1/thumb/v6-m/nofp/crti.o
 .ARM.attributes
                0x0000001e       0x2c /home/xiwei/dev-tools/xpack-arm-none-eabi-gcc-13.2.1-1.1/bin/../lib/gcc/arm-none-eabi/13.2.1/thumb/v6-m/nofp/crtbegin.o
 .ARM.attributes
                0x0000004a       0x2c cmake/stm32cubemx/CMakeFiles/STM32_Drivers.dir/__/__/Core/Src/system_stm32g0xx.c.obj
 .ARM.attributes
                0x00000076       0x2c cmake/stm32cubemx/CMakeFiles/STM32_Drivers.dir/__/__/Drivers/STM32G0xx_HAL_Driver/Src/stm32g0xx_hal_adc.c.obj
 .ARM.attributes
                0x000000a2       0x2c cmake/stm32cubemx/CMakeFiles/STM32_Drivers.dir/__/__/Drivers/STM32G0xx_HAL_Driver/Src/stm32g0xx_hal_rcc.c.obj
 .ARM.attributes
                0x000000ce       0x2c cmake/stm32cubemx/CMakeFiles/STM32_Drivers.dir/__/__/Drivers/STM32G0xx_HAL_Driver/Src/stm32g0xx_hal_rcc_ex.c.obj
 .ARM.attributes
                0x000000fa       0x2c cmake/stm32cubemx/CMakeFiles/STM32_Drivers.dir/__/__/Drivers/STM32G0xx_HAL_Driver/Src/stm32g0xx_hal_gpio.c.obj
 .ARM.attributes
                0x00000126       0x2c cmake/stm32cubemx/CMakeFiles/STM32_Drivers.dir/__/__/Drivers/STM32G0xx_HAL_Driver/Src/stm32g0xx_hal_pwr_ex.c.obj
 .ARM.attributes
                0x00000152       0x2c cmake/stm32cubemx/CMakeFiles/STM32_Drivers.dir/__/__/Drivers/STM32G0xx_HAL_Driver/Src/stm32g0xx_hal_cortex.c.obj
 .ARM.attributes
                0x0000017e       0x2c cmake/stm32cubemx/CMakeFiles/STM32_Drivers.dir/__/__/Drivers/STM32G0xx_HAL_Driver/Src/stm32g0xx_hal.c.obj
 .ARM.attributes
                0x000001aa       0x2c cmake/stm32cubemx/CMakeFiles/STM32_Drivers.dir/__/__/Drivers/STM32G0xx_HAL_Driver/Src/stm32g0xx_hal_tim.c.obj
 .ARM.attributes
                0x000001d6       0x2c cmake/stm32cubemx/CMakeFiles/STM32_Drivers.dir/__/__/Drivers/STM32G0xx_HAL_Driver/Src/stm32g0xx_hal_tim_ex.c.obj
 .ARM.attributes
                0x00000202       0x2c cmake/stm32cubemx/CMakeFiles/STM32_Drivers.dir/__/__/Drivers/STM32G0xx_HAL_Driver/Src/stm32g0xx_hal_uart.c.obj
 .ARM.attributes
                0x0000022e       0x2c cmake/stm32cubemx/CMakeFiles/STM32_Drivers.dir/__/__/Drivers/STM32G0xx_HAL_Driver/Src/stm32g0xx_hal_uart_ex.c.obj
 .ARM.attributes
                0x0000025a       0x2c CMakeFiles/AI_TRY_TCRT500.dir/Core/Src/main.c.obj
 .ARM.attributes
                0x00000286       0x2c CMakeFiles/AI_TRY_TCRT500.dir/Core/Src/gpio.c.obj
 .ARM.attributes
                0x000002b2       0x2c CMakeFiles/AI_TRY_TCRT500.dir/Core/Src/adc.c.obj
 .ARM.attributes
                0x000002de       0x2c CMakeFiles/AI_TRY_TCRT500.dir/Core/Src/tim.c.obj
 .ARM.attributes
                0x0000030a       0x2c CMakeFiles/AI_TRY_TCRT500.dir/Core/Src/usart.c.obj
 .ARM.attributes
                0x00000336       0x2c CMakeFiles/AI_TRY_TCRT500.dir/Core/Src/stm32g0xx_it.c.obj
 .ARM.attributes
                0x00000362       0x2c CMakeFiles/AI_TRY_TCRT500.dir/Core/Src/stm32g0xx_hal_msp.c.obj
 .ARM.attributes
                0x0000038e       0x22 CMakeFiles/AI_TRY_TCRT500.dir/startup_stm32g0b1xx.s.obj
 .ARM.attributes
                0x000003b0       0x1e /home/xiwei/dev-tools/xpack-arm-none-eabi-gcc-13.2.1-1.1/bin/../lib/gcc/arm-none-eabi/13.2.1/thumb/v6-m/nofp/libgcc.a(_udivsi3.o)
 .ARM.attributes
                0x000003ce       0x1e /home/xiwei/dev-tools/xpack-arm-none-eabi-gcc-13.2.1-1.1/bin/../lib/gcc/arm-none-eabi/13.2.1/thumb/v6-m/nofp/libgcc.a(_divsi3.o)
 .ARM.attributes
                0x000003ec       0x1e /home/xiwei/dev-tools/xpack-arm-none-eabi-gcc-13.2.1-1.1/bin/../lib/gcc/arm-none-eabi/13.2.1/thumb/v6-m/nofp/libgcc.a(_dvmd_tls.o)
 .ARM.attributes
                0x0000040a       0x1e /home/xiwei/dev-tools/xpack-arm-none-eabi-gcc-13.2.1-1.1/bin/../lib/gcc/arm-none-eabi/13.2.1/thumb/v6-m/nofp/libgcc.a(_aeabi_uldivmod.o)
 .ARM.attributes
                0x00000428       0x2c /home/xiwei/dev-tools/xpack-arm-none-eabi-gcc-13.2.1-1.1/bin/../lib/gcc/arm-none-eabi/13.2.1/thumb/v6-m/nofp/libgcc.a(_udivmoddi4.o)
 .ARM.attributes
                0x00000454       0x1e /home/xiwei/dev-tools/xpack-arm-none-eabi-gcc-13.2.1-1.1/bin/../lib/gcc/arm-none-eabi/13.2.1/thumb/v6-m/nofp/libgcc.a(_clzdi2.o)
 .ARM.attributes
                0x00000472       0x1e /home/xiwei/dev-tools/xpack-arm-none-eabi-gcc-13.2.1-1.1/bin/../lib/gcc/arm-none-eabi/13.2.1/thumb/v6-m/nofp/libgcc.a(_clzsi2.o)
 .ARM.attributes
                0x00000490       0x2c /home/xiwei/dev-tools/xpack-arm-none-eabi-gcc-13.2.1-1.1/bin/../lib/gcc/arm-none-eabi/13.2.1/../../../../arm-none-eabi/lib/thumb/v6-m/nofp/libg_nano.a(libc_a-memset.o)
 .ARM.attributes
                0x000004bc       0x2c /home/xiwei/dev-tools/xpack-arm-none-eabi-gcc-13.2.1-1.1/bin/../lib/gcc/arm-none-eabi/13.2.1/../../../../arm-none-eabi/lib/thumb/v6-m/nofp/libg_nano.a(libc_a-init.o)
 .ARM.attributes
                0x000004e8       0x1c /home/xiwei/dev-tools/xpack-arm-none-eabi-gcc-13.2.1-1.1/bin/../lib/gcc/arm-none-eabi/13.2.1/../../../../arm-none-eabi/lib/thumb/v6-m/nofp/libg_nano.a(libc_a-strlen.o)
 .ARM.attributes
                0x00000504       0x1e /home/xiwei/dev-tools/xpack-arm-none-eabi-gcc-13.2.1-1.1/bin/../lib/gcc/arm-none-eabi/13.2.1/thumb/v6-m/nofp/crtn.o

.comment        0x00000000       0x39
 .comment       0x00000000       0x39 /home/xiwei/dev-tools/xpack-arm-none-eabi-gcc-13.2.1-1.1/bin/../lib/gcc/arm-none-eabi/13.2.1/thumb/v6-m/nofp/crtbegin.o
                                 0x3a (size before relaxing)
 .comment       0x00000039       0x3a cmake/stm32cubemx/CMakeFiles/STM32_Drivers.dir/__/__/Core/Src/system_stm32g0xx.c.obj
 .comment       0x00000039       0x3a cmake/stm32cubemx/CMakeFiles/STM32_Drivers.dir/__/__/Drivers/STM32G0xx_HAL_Driver/Src/stm32g0xx_hal_adc.c.obj
 .comment       0x00000039       0x3a cmake/stm32cubemx/CMakeFiles/STM32_Drivers.dir/__/__/Drivers/STM32G0xx_HAL_Driver/Src/stm32g0xx_hal_rcc.c.obj
 .comment       0x00000039       0x3a cmake/stm32cubemx/CMakeFiles/STM32_Drivers.dir/__/__/Drivers/STM32G0xx_HAL_Driver/Src/stm32g0xx_hal_rcc_ex.c.obj
 .comment       0x00000039       0x3a cmake/stm32cubemx/CMakeFiles/STM32_Drivers.dir/__/__/Drivers/STM32G0xx_HAL_Driver/Src/stm32g0xx_hal_gpio.c.obj
 .comment       0x00000039       0x3a cmake/stm32cubemx/CMakeFiles/STM32_Drivers.dir/__/__/Drivers/STM32G0xx_HAL_Driver/Src/stm32g0xx_hal_pwr_ex.c.obj
 .comment       0x00000039       0x3a cmake/stm32cubemx/CMakeFiles/STM32_Drivers.dir/__/__/Drivers/STM32G0xx_HAL_Driver/Src/stm32g0xx_hal_cortex.c.obj
 .comment       0x00000039       0x3a cmake/stm32cubemx/CMakeFiles/STM32_Drivers.dir/__/__/Drivers/STM32G0xx_HAL_Driver/Src/stm32g0xx_hal.c.obj
 .comment       0x00000039       0x3a cmake/stm32cubemx/CMakeFiles/STM32_Drivers.dir/__/__/Drivers/STM32G0xx_HAL_Driver/Src/stm32g0xx_hal_tim.c.obj
 .comment       0x00000039       0x3a cmake/stm32cubemx/CMakeFiles/STM32_Drivers.dir/__/__/Drivers/STM32G0xx_HAL_Driver/Src/stm32g0xx_hal_tim_ex.c.obj
 .comment       0x00000039       0x3a cmake/stm32cubemx/CMakeFiles/STM32_Drivers.dir/__/__/Drivers/STM32G0xx_HAL_Driver/Src/stm32g0xx_hal_uart.c.obj
 .comment       0x00000039       0x3a cmake/stm32cubemx/CMakeFiles/STM32_Drivers.dir/__/__/Drivers/STM32G0xx_HAL_Driver/Src/stm32g0xx_hal_uart_ex.c.obj
 .comment       0x00000039       0x3a CMakeFiles/AI_TRY_TCRT500.dir/Core/Src/main.c.obj
 .comment       0x00000039       0x3a CMakeFiles/AI_TRY_TCRT500.dir/Core/Src/gpio.c.obj
 .comment       0x00000039       0x3a CMakeFiles/AI_TRY_TCRT500.dir/Core/Src/adc.c.obj
 .comment       0x00000039       0x3a CMakeFiles/AI_TRY_TCRT500.dir/Core/Src/tim.c.obj
 .comment       0x00000039       0x3a CMakeFiles/AI_TRY_TCRT500.dir/Core/Src/usart.c.obj
 .comment       0x00000039       0x3a CMakeFiles/AI_TRY_TCRT500.dir/Core/Src/stm32g0xx_it.c.obj
 .comment       0x00000039       0x3a CMakeFiles/AI_TRY_TCRT500.dir/Core/Src/stm32g0xx_hal_msp.c.obj
 .comment       0x00000039       0x3a /home/xiwei/dev-tools/xpack-arm-none-eabi-gcc-13.2.1-1.1/bin/../lib/gcc/arm-none-eabi/13.2.1/thumb/v6-m/nofp/libgcc.a(_udivmoddi4.o)
 .comment       0x00000039       0x3a /home/xiwei/dev-tools/xpack-arm-none-eabi-gcc-13.2.1-1.1/bin/../lib/gcc/arm-none-eabi/13.2.1/../../../../arm-none-eabi/lib/thumb/v6-m/nofp/libg_nano.a(libc_a-memset.o)
 .comment       0x00000039       0x3a /home/xiwei/dev-tools/xpack-arm-none-eabi-gcc-13.2.1-1.1/bin/../lib/gcc/arm-none-eabi/13.2.1/../../../../arm-none-eabi/lib/thumb/v6-m/nofp/libg_nano.a(libc_a-init.o)

.debug_info     0x00000000    0x13796
 .debug_info    0x00000000      0x316 cmake/stm32cubemx/CMakeFiles/STM32_Drivers.dir/__/__/Core/Src/system_stm32g0xx.c.obj
 .debug_info    0x00000316     0x15cf cmake/stm32cubemx/CMakeFiles/STM32_Drivers.dir/__/__/Drivers/STM32G0xx_HAL_Driver/Src/stm32g0xx_hal_adc.c.obj
 .debug_info    0x000018e5      0xbb4 cmake/stm32cubemx/CMakeFiles/STM32_Drivers.dir/__/__/Drivers/STM32G0xx_HAL_Driver/Src/stm32g0xx_hal_rcc.c.obj
 .debug_info    0x00002499      0xa59 cmake/stm32cubemx/CMakeFiles/STM32_Drivers.dir/__/__/Drivers/STM32G0xx_HAL_Driver/Src/stm32g0xx_hal_rcc_ex.c.obj
 .debug_info    0x00002ef2      0x5e8 cmake/stm32cubemx/CMakeFiles/STM32_Drivers.dir/__/__/Drivers/STM32G0xx_HAL_Driver/Src/stm32g0xx_hal_gpio.c.obj
 .debug_info    0x000034da      0x8c1 cmake/stm32cubemx/CMakeFiles/STM32_Drivers.dir/__/__/Drivers/STM32G0xx_HAL_Driver/Src/stm32g0xx_hal_pwr_ex.c.obj
 .debug_info    0x00003d9b      0x8d9 cmake/stm32cubemx/CMakeFiles/STM32_Drivers.dir/__/__/Drivers/STM32G0xx_HAL_Driver/Src/stm32g0xx_hal_cortex.c.obj
 .debug_info    0x00004674      0xafa cmake/stm32cubemx/CMakeFiles/STM32_Drivers.dir/__/__/Drivers/STM32G0xx_HAL_Driver/Src/stm32g0xx_hal.c.obj
 .debug_info    0x0000516e     0x2c2f cmake/stm32cubemx/CMakeFiles/STM32_Drivers.dir/__/__/Drivers/STM32G0xx_HAL_Driver/Src/stm32g0xx_hal_tim.c.obj
 .debug_info    0x00007d9d     0x1923 cmake/stm32cubemx/CMakeFiles/STM32_Drivers.dir/__/__/Drivers/STM32G0xx_HAL_Driver/Src/stm32g0xx_hal_tim_ex.c.obj
 .debug_info    0x000096c0     0x48d6 cmake/stm32cubemx/CMakeFiles/STM32_Drivers.dir/__/__/Drivers/STM32G0xx_HAL_Driver/Src/stm32g0xx_hal_uart.c.obj
 .debug_info    0x0000df96      0xfef cmake/stm32cubemx/CMakeFiles/STM32_Drivers.dir/__/__/Drivers/STM32G0xx_HAL_Driver/Src/stm32g0xx_hal_uart_ex.c.obj
 .debug_info    0x0000ef85     0x1510 CMakeFiles/AI_TRY_TCRT500.dir/Core/Src/main.c.obj
 .debug_info    0x00010495      0x3fc CMakeFiles/AI_TRY_TCRT500.dir/Core/Src/gpio.c.obj
 .debug_info    0x00010891      0xb8f CMakeFiles/AI_TRY_TCRT500.dir/Core/Src/adc.c.obj
 .debug_info    0x00011420      0xba3 CMakeFiles/AI_TRY_TCRT500.dir/Core/Src/tim.c.obj
 .debug_info    0x00011fc3      0xcea CMakeFiles/AI_TRY_TCRT500.dir/Core/Src/usart.c.obj
 .debug_info    0x00012cad      0x841 CMakeFiles/AI_TRY_TCRT500.dir/Core/Src/stm32g0xx_it.c.obj
 .debug_info    0x000134ee      0x278 CMakeFiles/AI_TRY_TCRT500.dir/Core/Src/stm32g0xx_hal_msp.c.obj
 .debug_info    0x00013766       0x30 CMakeFiles/AI_TRY_TCRT500.dir/startup_stm32g0b1xx.s.obj

.debug_abbrev   0x00000000     0x2967
 .debug_abbrev  0x00000000      0x119 cmake/stm32cubemx/CMakeFiles/STM32_Drivers.dir/__/__/Core/Src/system_stm32g0xx.c.obj
 .debug_abbrev  0x00000119      0x276 cmake/stm32cubemx/CMakeFiles/STM32_Drivers.dir/__/__/Drivers/STM32G0xx_HAL_Driver/Src/stm32g0xx_hal_adc.c.obj
 .debug_abbrev  0x0000038f      0x2aa cmake/stm32cubemx/CMakeFiles/STM32_Drivers.dir/__/__/Drivers/STM32G0xx_HAL_Driver/Src/stm32g0xx_hal_rcc.c.obj
 .debug_abbrev  0x00000639      0x246 cmake/stm32cubemx/CMakeFiles/STM32_Drivers.dir/__/__/Drivers/STM32G0xx_HAL_Driver/Src/stm32g0xx_hal_rcc_ex.c.obj
 .debug_abbrev  0x0000087f      0x1c8 cmake/stm32cubemx/CMakeFiles/STM32_Drivers.dir/__/__/Drivers/STM32G0xx_HAL_Driver/Src/stm32g0xx_hal_gpio.c.obj
 .debug_abbrev  0x00000a47      0x23c cmake/stm32cubemx/CMakeFiles/STM32_Drivers.dir/__/__/Drivers/STM32G0xx_HAL_Driver/Src/stm32g0xx_hal_pwr_ex.c.obj
 .debug_abbrev  0x00000c83      0x2ab cmake/stm32cubemx/CMakeFiles/STM32_Drivers.dir/__/__/Drivers/STM32G0xx_HAL_Driver/Src/stm32g0xx_hal_cortex.c.obj
 .debug_abbrev  0x00000f2e      0x27f cmake/stm32cubemx/CMakeFiles/STM32_Drivers.dir/__/__/Drivers/STM32G0xx_HAL_Driver/Src/stm32g0xx_hal.c.obj
 .debug_abbrev  0x000011ad      0x28e cmake/stm32cubemx/CMakeFiles/STM32_Drivers.dir/__/__/Drivers/STM32G0xx_HAL_Driver/Src/stm32g0xx_hal_tim.c.obj
 .debug_abbrev  0x0000143b      0x297 cmake/stm32cubemx/CMakeFiles/STM32_Drivers.dir/__/__/Drivers/STM32G0xx_HAL_Driver/Src/stm32g0xx_hal_tim_ex.c.obj
 .debug_abbrev  0x000016d2      0x311 cmake/stm32cubemx/CMakeFiles/STM32_Drivers.dir/__/__/Drivers/STM32G0xx_HAL_Driver/Src/stm32g0xx_hal_uart.c.obj
 .debug_abbrev  0x000019e3      0x2d3 cmake/stm32cubemx/CMakeFiles/STM32_Drivers.dir/__/__/Drivers/STM32G0xx_HAL_Driver/Src/stm32g0xx_hal_uart_ex.c.obj
 .debug_abbrev  0x00001cb6      0x2a2 CMakeFiles/AI_TRY_TCRT500.dir/Core/Src/main.c.obj
 .debug_abbrev  0x00001f58      0x158 CMakeFiles/AI_TRY_TCRT500.dir/Core/Src/gpio.c.obj
 .debug_abbrev  0x000020b0      0x1f2 CMakeFiles/AI_TRY_TCRT500.dir/Core/Src/adc.c.obj
 .debug_abbrev  0x000022a2      0x1f4 CMakeFiles/AI_TRY_TCRT500.dir/Core/Src/tim.c.obj
 .debug_abbrev  0x00002496      0x20c CMakeFiles/AI_TRY_TCRT500.dir/Core/Src/usart.c.obj
 .debug_abbrev  0x000026a2      0x1a8 CMakeFiles/AI_TRY_TCRT500.dir/Core/Src/stm32g0xx_it.c.obj
 .debug_abbrev  0x0000284a       0xf9 CMakeFiles/AI_TRY_TCRT500.dir/Core/Src/stm32g0xx_hal_msp.c.obj
 .debug_abbrev  0x00002943       0x24 CMakeFiles/AI_TRY_TCRT500.dir/startup_stm32g0b1xx.s.obj

.debug_aranges  0x00000000     0x10d0
 .debug_aranges
                0x00000000       0x28 cmake/stm32cubemx/CMakeFiles/STM32_Drivers.dir/__/__/Core/Src/system_stm32g0xx.c.obj
 .debug_aranges
                0x00000028      0x1f0 cmake/stm32cubemx/CMakeFiles/STM32_Drivers.dir/__/__/Drivers/STM32G0xx_HAL_Driver/Src/stm32g0xx_hal_adc.c.obj
 .debug_aranges
                0x00000218       0xa0 cmake/stm32cubemx/CMakeFiles/STM32_Drivers.dir/__/__/Drivers/STM32G0xx_HAL_Driver/Src/stm32g0xx_hal_rcc.c.obj
 .debug_aranges
                0x000002b8       0x88 cmake/stm32cubemx/CMakeFiles/STM32_Drivers.dir/__/__/Drivers/STM32G0xx_HAL_Driver/Src/stm32g0xx_hal_rcc_ex.c.obj
 .debug_aranges
                0x00000340       0x60 cmake/stm32cubemx/CMakeFiles/STM32_Drivers.dir/__/__/Drivers/STM32G0xx_HAL_Driver/Src/stm32g0xx_hal_gpio.c.obj
 .debug_aranges
                0x000003a0      0x128 cmake/stm32cubemx/CMakeFiles/STM32_Drivers.dir/__/__/Drivers/STM32G0xx_HAL_Driver/Src/stm32g0xx_hal_pwr_ex.c.obj
 .debug_aranges
                0x000004c8       0xe8 cmake/stm32cubemx/CMakeFiles/STM32_Drivers.dir/__/__/Drivers/STM32G0xx_HAL_Driver/Src/stm32g0xx_hal_cortex.c.obj
 .debug_aranges
                0x000005b0      0x130 cmake/stm32cubemx/CMakeFiles/STM32_Drivers.dir/__/__/Drivers/STM32G0xx_HAL_Driver/Src/stm32g0xx_hal.c.obj
 .debug_aranges
                0x000006e0      0x3e0 cmake/stm32cubemx/CMakeFiles/STM32_Drivers.dir/__/__/Drivers/STM32G0xx_HAL_Driver/Src/stm32g0xx_hal_tim.c.obj
 .debug_aranges
                0x00000ac0      0x198 cmake/stm32cubemx/CMakeFiles/STM32_Drivers.dir/__/__/Drivers/STM32G0xx_HAL_Driver/Src/stm32g0xx_hal_tim_ex.c.obj
 .debug_aranges
                0x00000c58      0x248 cmake/stm32cubemx/CMakeFiles/STM32_Drivers.dir/__/__/Drivers/STM32G0xx_HAL_Driver/Src/stm32g0xx_hal_uart.c.obj
 .debug_aranges
                0x00000ea0       0xa8 cmake/stm32cubemx/CMakeFiles/STM32_Drivers.dir/__/__/Drivers/STM32G0xx_HAL_Driver/Src/stm32g0xx_hal_uart_ex.c.obj
 .debug_aranges
                0x00000f48       0x48 CMakeFiles/AI_TRY_TCRT500.dir/Core/Src/main.c.obj
 .debug_aranges
                0x00000f90       0x20 CMakeFiles/AI_TRY_TCRT500.dir/Core/Src/gpio.c.obj
 .debug_aranges
                0x00000fb0       0x30 CMakeFiles/AI_TRY_TCRT500.dir/Core/Src/adc.c.obj
 .debug_aranges
                0x00000fe0       0x30 CMakeFiles/AI_TRY_TCRT500.dir/Core/Src/tim.c.obj
 .debug_aranges
                0x00001010       0x30 CMakeFiles/AI_TRY_TCRT500.dir/Core/Src/usart.c.obj
 .debug_aranges
                0x00001040       0x48 CMakeFiles/AI_TRY_TCRT500.dir/Core/Src/stm32g0xx_it.c.obj
 .debug_aranges
                0x00001088       0x20 CMakeFiles/AI_TRY_TCRT500.dir/Core/Src/stm32g0xx_hal_msp.c.obj
 .debug_aranges
                0x000010a8       0x28 CMakeFiles/AI_TRY_TCRT500.dir/startup_stm32g0b1xx.s.obj

.debug_rnglists
                0x00000000      0xd24
 .debug_rnglists
                0x00000000       0x1a cmake/stm32cubemx/CMakeFiles/STM32_Drivers.dir/__/__/Core/Src/system_stm32g0xx.c.obj
 .debug_rnglists
                0x0000001a      0x17f cmake/stm32cubemx/CMakeFiles/STM32_Drivers.dir/__/__/Drivers/STM32G0xx_HAL_Driver/Src/stm32g0xx_hal_adc.c.obj
 .debug_rnglists
                0x00000199       0x79 cmake/stm32cubemx/CMakeFiles/STM32_Drivers.dir/__/__/Drivers/STM32G0xx_HAL_Driver/Src/stm32g0xx_hal_rcc.c.obj
 .debug_rnglists
                0x00000212       0x69 cmake/stm32cubemx/CMakeFiles/STM32_Drivers.dir/__/__/Drivers/STM32G0xx_HAL_Driver/Src/stm32g0xx_hal_rcc_ex.c.obj
 .debug_rnglists
                0x0000027b       0x45 cmake/stm32cubemx/CMakeFiles/STM32_Drivers.dir/__/__/Drivers/STM32G0xx_HAL_Driver/Src/stm32g0xx_hal_gpio.c.obj
 .debug_rnglists
                0x000002c0       0xe0 cmake/stm32cubemx/CMakeFiles/STM32_Drivers.dir/__/__/Drivers/STM32G0xx_HAL_Driver/Src/stm32g0xx_hal_pwr_ex.c.obj
 .debug_rnglists
                0x000003a0       0xaa cmake/stm32cubemx/CMakeFiles/STM32_Drivers.dir/__/__/Drivers/STM32G0xx_HAL_Driver/Src/stm32g0xx_hal_cortex.c.obj
 .debug_rnglists
                0x0000044a       0xe0 cmake/stm32cubemx/CMakeFiles/STM32_Drivers.dir/__/__/Drivers/STM32G0xx_HAL_Driver/Src/stm32g0xx_hal.c.obj
 .debug_rnglists
                0x0000052a      0x32b cmake/stm32cubemx/CMakeFiles/STM32_Drivers.dir/__/__/Drivers/STM32G0xx_HAL_Driver/Src/stm32g0xx_hal_tim.c.obj
 .debug_rnglists
                0x00000855      0x14e cmake/stm32cubemx/CMakeFiles/STM32_Drivers.dir/__/__/Drivers/STM32G0xx_HAL_Driver/Src/stm32g0xx_hal_tim_ex.c.obj
 .debug_rnglists
                0x000009a3      0x1fb cmake/stm32cubemx/CMakeFiles/STM32_Drivers.dir/__/__/Drivers/STM32G0xx_HAL_Driver/Src/stm32g0xx_hal_uart.c.obj
 .debug_rnglists
                0x00000b9e       0x80 cmake/stm32cubemx/CMakeFiles/STM32_Drivers.dir/__/__/Drivers/STM32G0xx_HAL_Driver/Src/stm32g0xx_hal_uart_ex.c.obj
 .debug_rnglists
                0x00000c1e       0x34 CMakeFiles/AI_TRY_TCRT500.dir/Core/Src/main.c.obj
 .debug_rnglists
                0x00000c52       0x14 CMakeFiles/AI_TRY_TCRT500.dir/Core/Src/gpio.c.obj
 .debug_rnglists
                0x00000c66       0x21 CMakeFiles/AI_TRY_TCRT500.dir/Core/Src/adc.c.obj
 .debug_rnglists
                0x00000c87       0x1f CMakeFiles/AI_TRY_TCRT500.dir/Core/Src/tim.c.obj
 .debug_rnglists
                0x00000ca6       0x21 CMakeFiles/AI_TRY_TCRT500.dir/Core/Src/usart.c.obj
 .debug_rnglists
                0x00000cc7       0x31 CMakeFiles/AI_TRY_TCRT500.dir/Core/Src/stm32g0xx_it.c.obj
 .debug_rnglists
                0x00000cf8       0x13 CMakeFiles/AI_TRY_TCRT500.dir/Core/Src/stm32g0xx_hal_msp.c.obj
 .debug_rnglists
                0x00000d0b       0x19 CMakeFiles/AI_TRY_TCRT500.dir/startup_stm32g0b1xx.s.obj

.debug_macro    0x00000000    0x1e086
 .debug_macro   0x00000000      0x207 cmake/stm32cubemx/CMakeFiles/STM32_Drivers.dir/__/__/Core/Src/system_stm32g0xx.c.obj
 .debug_macro   0x00000207      0xaae cmake/stm32cubemx/CMakeFiles/STM32_Drivers.dir/__/__/Core/Src/system_stm32g0xx.c.obj
 .debug_macro   0x00000cb5       0x2e cmake/stm32cubemx/CMakeFiles/STM32_Drivers.dir/__/__/Core/Src/system_stm32g0xx.c.obj
 .debug_macro   0x00000ce3       0x28 cmake/stm32cubemx/CMakeFiles/STM32_Drivers.dir/__/__/Core/Src/system_stm32g0xx.c.obj
 .debug_macro   0x00000d0b       0x22 cmake/stm32cubemx/CMakeFiles/STM32_Drivers.dir/__/__/Core/Src/system_stm32g0xx.c.obj
 .debug_macro   0x00000d2d       0x8e cmake/stm32cubemx/CMakeFiles/STM32_Drivers.dir/__/__/Core/Src/system_stm32g0xx.c.obj
 .debug_macro   0x00000dbb       0x51 cmake/stm32cubemx/CMakeFiles/STM32_Drivers.dir/__/__/Core/Src/system_stm32g0xx.c.obj
 .debug_macro   0x00000e0c      0x103 cmake/stm32cubemx/CMakeFiles/STM32_Drivers.dir/__/__/Core/Src/system_stm32g0xx.c.obj
 .debug_macro   0x00000f0f       0x6a cmake/stm32cubemx/CMakeFiles/STM32_Drivers.dir/__/__/Core/Src/system_stm32g0xx.c.obj
 .debug_macro   0x00000f79      0x1df cmake/stm32cubemx/CMakeFiles/STM32_Drivers.dir/__/__/Core/Src/system_stm32g0xx.c.obj
 .debug_macro   0x00001158       0x1c cmake/stm32cubemx/CMakeFiles/STM32_Drivers.dir/__/__/Core/Src/system_stm32g0xx.c.obj
 .debug_macro   0x00001174       0x22 cmake/stm32cubemx/CMakeFiles/STM32_Drivers.dir/__/__/Core/Src/system_stm32g0xx.c.obj
 .debug_macro   0x00001196       0xd1 cmake/stm32cubemx/CMakeFiles/STM32_Drivers.dir/__/__/Core/Src/system_stm32g0xx.c.obj
 .debug_macro   0x00001267      0x4da cmake/stm32cubemx/CMakeFiles/STM32_Drivers.dir/__/__/Core/Src/system_stm32g0xx.c.obj
 .debug_macro   0x00001741      0x11f cmake/stm32cubemx/CMakeFiles/STM32_Drivers.dir/__/__/Core/Src/system_stm32g0xx.c.obj
 .debug_macro   0x00001860     0xf46a cmake/stm32cubemx/CMakeFiles/STM32_Drivers.dir/__/__/Core/Src/system_stm32g0xx.c.obj
 .debug_macro   0x00010cca       0x66 cmake/stm32cubemx/CMakeFiles/STM32_Drivers.dir/__/__/Core/Src/system_stm32g0xx.c.obj
 .debug_macro   0x00010d30      0x130 cmake/stm32cubemx/CMakeFiles/STM32_Drivers.dir/__/__/Core/Src/system_stm32g0xx.c.obj
 .debug_macro   0x00010e60     0x3527 cmake/stm32cubemx/CMakeFiles/STM32_Drivers.dir/__/__/Core/Src/system_stm32g0xx.c.obj
 .debug_macro   0x00014387      0x190 cmake/stm32cubemx/CMakeFiles/STM32_Drivers.dir/__/__/Core/Src/system_stm32g0xx.c.obj
 .debug_macro   0x00014517       0x5c cmake/stm32cubemx/CMakeFiles/STM32_Drivers.dir/__/__/Core/Src/system_stm32g0xx.c.obj
 .debug_macro   0x00014573      0x72c cmake/stm32cubemx/CMakeFiles/STM32_Drivers.dir/__/__/Core/Src/system_stm32g0xx.c.obj
 .debug_macro   0x00014c9f     0x1579 cmake/stm32cubemx/CMakeFiles/STM32_Drivers.dir/__/__/Core/Src/system_stm32g0xx.c.obj
 .debug_macro   0x00016218      0x535 cmake/stm32cubemx/CMakeFiles/STM32_Drivers.dir/__/__/Core/Src/system_stm32g0xx.c.obj
 .debug_macro   0x0001674d      0x1cf cmake/stm32cubemx/CMakeFiles/STM32_Drivers.dir/__/__/Core/Src/system_stm32g0xx.c.obj
 .debug_macro   0x0001691c      0x25b cmake/stm32cubemx/CMakeFiles/STM32_Drivers.dir/__/__/Core/Src/system_stm32g0xx.c.obj
 .debug_macro   0x00016b77      0x4f5 cmake/stm32cubemx/CMakeFiles/STM32_Drivers.dir/__/__/Core/Src/system_stm32g0xx.c.obj
 .debug_macro   0x0001706c      0x280 cmake/stm32cubemx/CMakeFiles/STM32_Drivers.dir/__/__/Core/Src/system_stm32g0xx.c.obj
 .debug_macro   0x000172ec      0x417 cmake/stm32cubemx/CMakeFiles/STM32_Drivers.dir/__/__/Core/Src/system_stm32g0xx.c.obj
 .debug_macro   0x00017703      0x1b2 cmake/stm32cubemx/CMakeFiles/STM32_Drivers.dir/__/__/Core/Src/system_stm32g0xx.c.obj
 .debug_macro   0x000178b5       0x43 cmake/stm32cubemx/CMakeFiles/STM32_Drivers.dir/__/__/Core/Src/system_stm32g0xx.c.obj
 .debug_macro   0x000178f8      0x1f1 cmake/stm32cubemx/CMakeFiles/STM32_Drivers.dir/__/__/Core/Src/system_stm32g0xx.c.obj
 .debug_macro   0x00017ae9      0x8bb cmake/stm32cubemx/CMakeFiles/STM32_Drivers.dir/__/__/Core/Src/system_stm32g0xx.c.obj
 .debug_macro   0x000183a4      0x5c9 cmake/stm32cubemx/CMakeFiles/STM32_Drivers.dir/__/__/Core/Src/system_stm32g0xx.c.obj
 .debug_macro   0x0001896d       0x2e cmake/stm32cubemx/CMakeFiles/STM32_Drivers.dir/__/__/Core/Src/system_stm32g0xx.c.obj
 .debug_macro   0x0001899b      0x1e4 cmake/stm32cubemx/CMakeFiles/STM32_Drivers.dir/__/__/Core/Src/system_stm32g0xx.c.obj
 .debug_macro   0x00018b7f      0x3f3 cmake/stm32cubemx/CMakeFiles/STM32_Drivers.dir/__/__/Core/Src/system_stm32g0xx.c.obj
 .debug_macro   0x00018f72       0x28 cmake/stm32cubemx/CMakeFiles/STM32_Drivers.dir/__/__/Core/Src/system_stm32g0xx.c.obj
 .debug_macro   0x00018f9a      0x123 cmake/stm32cubemx/CMakeFiles/STM32_Drivers.dir/__/__/Core/Src/system_stm32g0xx.c.obj
 .debug_macro   0x000190bd      0x145 cmake/stm32cubemx/CMakeFiles/STM32_Drivers.dir/__/__/Core/Src/system_stm32g0xx.c.obj
 .debug_macro   0x00019202      0x320 cmake/stm32cubemx/CMakeFiles/STM32_Drivers.dir/__/__/Core/Src/system_stm32g0xx.c.obj
 .debug_macro   0x00019522      0xae5 cmake/stm32cubemx/CMakeFiles/STM32_Drivers.dir/__/__/Core/Src/system_stm32g0xx.c.obj
 .debug_macro   0x0001a007      0x239 cmake/stm32cubemx/CMakeFiles/STM32_Drivers.dir/__/__/Core/Src/system_stm32g0xx.c.obj
 .debug_macro   0x0001a240      0x693 cmake/stm32cubemx/CMakeFiles/STM32_Drivers.dir/__/__/Core/Src/system_stm32g0xx.c.obj
 .debug_macro   0x0001a8d3       0xa6 cmake/stm32cubemx/CMakeFiles/STM32_Drivers.dir/__/__/Core/Src/system_stm32g0xx.c.obj
 .debug_macro   0x0001a979      0x5df cmake/stm32cubemx/CMakeFiles/STM32_Drivers.dir/__/__/Core/Src/system_stm32g0xx.c.obj
 .debug_macro   0x0001af58      0x22b cmake/stm32cubemx/CMakeFiles/STM32_Drivers.dir/__/__/Drivers/STM32G0xx_HAL_Driver/Src/stm32g0xx_hal_adc.c.obj
 .debug_macro   0x0001b183      0x24f cmake/stm32cubemx/CMakeFiles/STM32_Drivers.dir/__/__/Drivers/STM32G0xx_HAL_Driver/Src/stm32g0xx_hal_rcc.c.obj
 .debug_macro   0x0001b3d2      0x21f cmake/stm32cubemx/CMakeFiles/STM32_Drivers.dir/__/__/Drivers/STM32G0xx_HAL_Driver/Src/stm32g0xx_hal_rcc_ex.c.obj
 .debug_macro   0x0001b5f1      0x20e cmake/stm32cubemx/CMakeFiles/STM32_Drivers.dir/__/__/Drivers/STM32G0xx_HAL_Driver/Src/stm32g0xx_hal_gpio.c.obj
 .debug_macro   0x0001b7ff      0x231 cmake/stm32cubemx/CMakeFiles/STM32_Drivers.dir/__/__/Drivers/STM32G0xx_HAL_Driver/Src/stm32g0xx_hal_pwr_ex.c.obj
 .debug_macro   0x0001ba30      0x207 cmake/stm32cubemx/CMakeFiles/STM32_Drivers.dir/__/__/Drivers/STM32G0xx_HAL_Driver/Src/stm32g0xx_hal_cortex.c.obj
 .debug_macro   0x0001bc37      0x22b cmake/stm32cubemx/CMakeFiles/STM32_Drivers.dir/__/__/Drivers/STM32G0xx_HAL_Driver/Src/stm32g0xx_hal.c.obj
 .debug_macro   0x0001be62      0x20f cmake/stm32cubemx/CMakeFiles/STM32_Drivers.dir/__/__/Drivers/STM32G0xx_HAL_Driver/Src/stm32g0xx_hal_tim.c.obj
 .debug_macro   0x0001c071      0x20d cmake/stm32cubemx/CMakeFiles/STM32_Drivers.dir/__/__/Drivers/STM32G0xx_HAL_Driver/Src/stm32g0xx_hal_tim_ex.c.obj
 .debug_macro   0x0001c27e      0x232 cmake/stm32cubemx/CMakeFiles/STM32_Drivers.dir/__/__/Drivers/STM32G0xx_HAL_Driver/Src/stm32g0xx_hal_uart.c.obj
 .debug_macro   0x0001c4b0      0x213 cmake/stm32cubemx/CMakeFiles/STM32_Drivers.dir/__/__/Drivers/STM32G0xx_HAL_Driver/Src/stm32g0xx_hal_uart_ex.c.obj
 .debug_macro   0x0001c6c3      0x33c CMakeFiles/AI_TRY_TCRT500.dir/Core/Src/main.c.obj
 .debug_macro   0x0001c9ff       0x64 CMakeFiles/AI_TRY_TCRT500.dir/Core/Src/main.c.obj
 .debug_macro   0x0001ca63       0x7b CMakeFiles/AI_TRY_TCRT500.dir/Core/Src/main.c.obj
 .debug_macro   0x0001cade       0x24 CMakeFiles/AI_TRY_TCRT500.dir/Core/Src/main.c.obj
 .debug_macro   0x0001cb02       0x3c CMakeFiles/AI_TRY_TCRT500.dir/Core/Src/main.c.obj
 .debug_macro   0x0001cb3e       0x34 CMakeFiles/AI_TRY_TCRT500.dir/Core/Src/main.c.obj
 .debug_macro   0x0001cb72       0x16 CMakeFiles/AI_TRY_TCRT500.dir/Core/Src/main.c.obj
 .debug_macro   0x0001cb88       0x3c CMakeFiles/AI_TRY_TCRT500.dir/Core/Src/main.c.obj
 .debug_macro   0x0001cbc4      0x370 CMakeFiles/AI_TRY_TCRT500.dir/Core/Src/main.c.obj
 .debug_macro   0x0001cf34       0x10 CMakeFiles/AI_TRY_TCRT500.dir/Core/Src/main.c.obj
 .debug_macro   0x0001cf44       0x16 CMakeFiles/AI_TRY_TCRT500.dir/Core/Src/main.c.obj
 .debug_macro   0x0001cf5a       0x4a CMakeFiles/AI_TRY_TCRT500.dir/Core/Src/main.c.obj
 .debug_macro   0x0001cfa4       0x34 CMakeFiles/AI_TRY_TCRT500.dir/Core/Src/main.c.obj
 .debug_macro   0x0001cfd8       0x10 CMakeFiles/AI_TRY_TCRT500.dir/Core/Src/main.c.obj
 .debug_macro   0x0001cfe8       0x58 CMakeFiles/AI_TRY_TCRT500.dir/Core/Src/main.c.obj
 .debug_macro   0x0001d040      0x1de CMakeFiles/AI_TRY_TCRT500.dir/Core/Src/main.c.obj
 .debug_macro   0x0001d21e       0x16 CMakeFiles/AI_TRY_TCRT500.dir/Core/Src/main.c.obj
 .debug_macro   0x0001d234       0x16 CMakeFiles/AI_TRY_TCRT500.dir/Core/Src/main.c.obj
 .debug_macro   0x0001d24a      0x170 CMakeFiles/AI_TRY_TCRT500.dir/Core/Src/main.c.obj
 .debug_macro   0x0001d3ba       0x16 CMakeFiles/AI_TRY_TCRT500.dir/Core/Src/main.c.obj
 .debug_macro   0x0001d3d0      0x220 CMakeFiles/AI_TRY_TCRT500.dir/Core/Src/gpio.c.obj
 .debug_macro   0x0001d5f0      0x220 CMakeFiles/AI_TRY_TCRT500.dir/Core/Src/adc.c.obj
 .debug_macro   0x0001d810      0x220 CMakeFiles/AI_TRY_TCRT500.dir/Core/Src/tim.c.obj
 .debug_macro   0x0001da30      0x220 CMakeFiles/AI_TRY_TCRT500.dir/Core/Src/usart.c.obj
 .debug_macro   0x0001dc50      0x220 CMakeFiles/AI_TRY_TCRT500.dir/Core/Src/stm32g0xx_it.c.obj
 .debug_macro   0x0001de70      0x216 CMakeFiles/AI_TRY_TCRT500.dir/Core/Src/stm32g0xx_hal_msp.c.obj

.debug_line     0x00000000    0x14735
 .debug_line    0x00000000      0x7ac cmake/stm32cubemx/CMakeFiles/STM32_Drivers.dir/__/__/Core/Src/system_stm32g0xx.c.obj
 .debug_line    0x000007ac     0x1926 cmake/stm32cubemx/CMakeFiles/STM32_Drivers.dir/__/__/Drivers/STM32G0xx_HAL_Driver/Src/stm32g0xx_hal_adc.c.obj
 .debug_line    0x000020d2     0x102c cmake/stm32cubemx/CMakeFiles/STM32_Drivers.dir/__/__/Drivers/STM32G0xx_HAL_Driver/Src/stm32g0xx_hal_rcc.c.obj
 .debug_line    0x000030fe     0x11d0 cmake/stm32cubemx/CMakeFiles/STM32_Drivers.dir/__/__/Drivers/STM32G0xx_HAL_Driver/Src/stm32g0xx_hal_rcc_ex.c.obj
 .debug_line    0x000042ce      0xb57 cmake/stm32cubemx/CMakeFiles/STM32_Drivers.dir/__/__/Drivers/STM32G0xx_HAL_Driver/Src/stm32g0xx_hal_gpio.c.obj
 .debug_line    0x00004e25      0xbda cmake/stm32cubemx/CMakeFiles/STM32_Drivers.dir/__/__/Drivers/STM32G0xx_HAL_Driver/Src/stm32g0xx_hal_pwr_ex.c.obj
 .debug_line    0x000059ff      0xb87 cmake/stm32cubemx/CMakeFiles/STM32_Drivers.dir/__/__/Drivers/STM32G0xx_HAL_Driver/Src/stm32g0xx_hal_cortex.c.obj
 .debug_line    0x00006586      0xb22 cmake/stm32cubemx/CMakeFiles/STM32_Drivers.dir/__/__/Drivers/STM32G0xx_HAL_Driver/Src/stm32g0xx_hal.c.obj
 .debug_line    0x000070a8     0x3d86 cmake/stm32cubemx/CMakeFiles/STM32_Drivers.dir/__/__/Drivers/STM32G0xx_HAL_Driver/Src/stm32g0xx_hal_tim.c.obj
 .debug_line    0x0000ae2e     0x1bf9 cmake/stm32cubemx/CMakeFiles/STM32_Drivers.dir/__/__/Drivers/STM32G0xx_HAL_Driver/Src/stm32g0xx_hal_tim_ex.c.obj
 .debug_line    0x0000ca27     0x37c2 cmake/stm32cubemx/CMakeFiles/STM32_Drivers.dir/__/__/Drivers/STM32G0xx_HAL_Driver/Src/stm32g0xx_hal_uart.c.obj
 .debug_line    0x000101e9      0xd05 cmake/stm32cubemx/CMakeFiles/STM32_Drivers.dir/__/__/Drivers/STM32G0xx_HAL_Driver/Src/stm32g0xx_hal_uart_ex.c.obj
 .debug_line    0x00010eee      0x9b9 CMakeFiles/AI_TRY_TCRT500.dir/Core/Src/main.c.obj
 .debug_line    0x000118a7      0x748 CMakeFiles/AI_TRY_TCRT500.dir/Core/Src/gpio.c.obj
 .debug_line    0x00011fef      0x85b CMakeFiles/AI_TRY_TCRT500.dir/Core/Src/adc.c.obj
 .debug_line    0x0001284a      0x79c CMakeFiles/AI_TRY_TCRT500.dir/Core/Src/tim.c.obj
 .debug_line    0x00012fe6      0x7ec CMakeFiles/AI_TRY_TCRT500.dir/Core/Src/usart.c.obj
 .debug_line    0x000137d2      0x7ae CMakeFiles/AI_TRY_TCRT500.dir/Core/Src/stm32g0xx_it.c.obj
 .debug_line    0x00013f80      0x73a CMakeFiles/AI_TRY_TCRT500.dir/Core/Src/stm32g0xx_hal_msp.c.obj
 .debug_line    0x000146ba       0x7b CMakeFiles/AI_TRY_TCRT500.dir/startup_stm32g0b1xx.s.obj

.debug_str      0x00000000    0xc5b92
 .debug_str     0x00000000    0xc5b92 cmake/stm32cubemx/CMakeFiles/STM32_Drivers.dir/__/__/Core/Src/system_stm32g0xx.c.obj
                              0xbd9ca (size before relaxing)
 .debug_str     0x000c5b92    0xbe7ac cmake/stm32cubemx/CMakeFiles/STM32_Drivers.dir/__/__/Drivers/STM32G0xx_HAL_Driver/Src/stm32g0xx_hal_adc.c.obj
 .debug_str     0x000c5b92    0xbe196 cmake/stm32cubemx/CMakeFiles/STM32_Drivers.dir/__/__/Drivers/STM32G0xx_HAL_Driver/Src/stm32g0xx_hal_rcc.c.obj
 .debug_str     0x000c5b92    0xbe026 cmake/stm32cubemx/CMakeFiles/STM32_Drivers.dir/__/__/Drivers/STM32G0xx_HAL_Driver/Src/stm32g0xx_hal_rcc_ex.c.obj
 .debug_str     0x000c5b92    0xbdb2d cmake/stm32cubemx/CMakeFiles/STM32_Drivers.dir/__/__/Drivers/STM32G0xx_HAL_Driver/Src/stm32g0xx_hal_gpio.c.obj
 .debug_str     0x000c5b92    0xbdf4c cmake/stm32cubemx/CMakeFiles/STM32_Drivers.dir/__/__/Drivers/STM32G0xx_HAL_Driver/Src/stm32g0xx_hal_pwr_ex.c.obj
 .debug_str     0x000c5b92    0xbdedb cmake/stm32cubemx/CMakeFiles/STM32_Drivers.dir/__/__/Drivers/STM32G0xx_HAL_Driver/Src/stm32g0xx_hal_cortex.c.obj
 .debug_str     0x000c5b92    0xbe2aa cmake/stm32cubemx/CMakeFiles/STM32_Drivers.dir/__/__/Drivers/STM32G0xx_HAL_Driver/Src/stm32g0xx_hal.c.obj
 .debug_str     0x000c5b92    0xbef39 cmake/stm32cubemx/CMakeFiles/STM32_Drivers.dir/__/__/Drivers/STM32G0xx_HAL_Driver/Src/stm32g0xx_hal_tim.c.obj
 .debug_str     0x000c5b92    0xbe8c1 cmake/stm32cubemx/CMakeFiles/STM32_Drivers.dir/__/__/Drivers/STM32G0xx_HAL_Driver/Src/stm32g0xx_hal_tim_ex.c.obj
 .debug_str     0x000c5b92    0xbe9b5 cmake/stm32cubemx/CMakeFiles/STM32_Drivers.dir/__/__/Drivers/STM32G0xx_HAL_Driver/Src/stm32g0xx_hal_uart.c.obj
 .debug_str     0x000c5b92    0xbe27b cmake/stm32cubemx/CMakeFiles/STM32_Drivers.dir/__/__/Drivers/STM32G0xx_HAL_Driver/Src/stm32g0xx_hal_uart_ex.c.obj
 .debug_str     0x000c5b92    0xc1aca CMakeFiles/AI_TRY_TCRT500.dir/Core/Src/main.c.obj
 .debug_str     0x000c5b92    0xbdbac CMakeFiles/AI_TRY_TCRT500.dir/Core/Src/gpio.c.obj
 .debug_str     0x000c5b92    0xbe188 CMakeFiles/AI_TRY_TCRT500.dir/Core/Src/adc.c.obj
 .debug_str     0x000c5b92    0xbe475 CMakeFiles/AI_TRY_TCRT500.dir/Core/Src/tim.c.obj
 .debug_str     0x000c5b92    0xbe364 CMakeFiles/AI_TRY_TCRT500.dir/Core/Src/usart.c.obj
 .debug_str     0x000c5b92    0xbe0ad CMakeFiles/AI_TRY_TCRT500.dir/Core/Src/stm32g0xx_it.c.obj
 .debug_str     0x000c5b92    0xbdb02 CMakeFiles/AI_TRY_TCRT500.dir/Core/Src/stm32g0xx_hal_msp.c.obj
 .debug_str     0x000c5b92       0x94 CMakeFiles/AI_TRY_TCRT500.dir/startup_stm32g0b1xx.s.obj

.debug_frame    0x00000000     0x3be8
 .debug_frame   0x00000000       0x4c cmake/stm32cubemx/CMakeFiles/STM32_Drivers.dir/__/__/Core/Src/system_stm32g0xx.c.obj
 .debug_frame   0x0000004c      0x78c cmake/stm32cubemx/CMakeFiles/STM32_Drivers.dir/__/__/Drivers/STM32G0xx_HAL_Driver/Src/stm32g0xx_hal_adc.c.obj
 .debug_frame   0x000007d8      0x214 cmake/stm32cubemx/CMakeFiles/STM32_Drivers.dir/__/__/Drivers/STM32G0xx_HAL_Driver/Src/stm32g0xx_hal_rcc.c.obj
 .debug_frame   0x000009ec      0x1c4 cmake/stm32cubemx/CMakeFiles/STM32_Drivers.dir/__/__/Drivers/STM32G0xx_HAL_Driver/Src/stm32g0xx_hal_rcc_ex.c.obj
 .debug_frame   0x00000bb0      0x130 cmake/stm32cubemx/CMakeFiles/STM32_Drivers.dir/__/__/Drivers/STM32G0xx_HAL_Driver/Src/stm32g0xx_hal_gpio.c.obj
 .debug_frame   0x00000ce0      0x3f4 cmake/stm32cubemx/CMakeFiles/STM32_Drivers.dir/__/__/Drivers/STM32G0xx_HAL_Driver/Src/stm32g0xx_hal_pwr_ex.c.obj
 .debug_frame   0x000010d4      0x33c cmake/stm32cubemx/CMakeFiles/STM32_Drivers.dir/__/__/Drivers/STM32G0xx_HAL_Driver/Src/stm32g0xx_hal_cortex.c.obj
 .debug_frame   0x00001410      0x41c cmake/stm32cubemx/CMakeFiles/STM32_Drivers.dir/__/__/Drivers/STM32G0xx_HAL_Driver/Src/stm32g0xx_hal.c.obj
 .debug_frame   0x0000182c      0xf40 cmake/stm32cubemx/CMakeFiles/STM32_Drivers.dir/__/__/Drivers/STM32G0xx_HAL_Driver/Src/stm32g0xx_hal_tim.c.obj
 .debug_frame   0x0000276c      0x620 cmake/stm32cubemx/CMakeFiles/STM32_Drivers.dir/__/__/Drivers/STM32G0xx_HAL_Driver/Src/stm32g0xx_hal_tim_ex.c.obj
 .debug_frame   0x00002d8c      0x8d8 cmake/stm32cubemx/CMakeFiles/STM32_Drivers.dir/__/__/Drivers/STM32G0xx_HAL_Driver/Src/stm32g0xx_hal_uart.c.obj
 .debug_frame   0x00003664      0x258 cmake/stm32cubemx/CMakeFiles/STM32_Drivers.dir/__/__/Drivers/STM32G0xx_HAL_Driver/Src/stm32g0xx_hal_uart_ex.c.obj
 .debug_frame   0x000038bc       0xc8 CMakeFiles/AI_TRY_TCRT500.dir/Core/Src/main.c.obj
 .debug_frame   0x00003984       0x30 CMakeFiles/AI_TRY_TCRT500.dir/Core/Src/gpio.c.obj
 .debug_frame   0x000039b4       0x70 CMakeFiles/AI_TRY_TCRT500.dir/Core/Src/adc.c.obj
 .debug_frame   0x00003a24       0x70 CMakeFiles/AI_TRY_TCRT500.dir/Core/Src/tim.c.obj
 .debug_frame   0x00003a94       0x6c CMakeFiles/AI_TRY_TCRT500.dir/Core/Src/usart.c.obj
 .debug_frame   0x00003b00       0xb8 CMakeFiles/AI_TRY_TCRT500.dir/Core/Src/stm32g0xx_it.c.obj
 .debug_frame   0x00003bb8       0x30 CMakeFiles/AI_TRY_TCRT500.dir/Core/Src/stm32g0xx_hal_msp.c.obj

.debug_line_str
                0x00000000       0x78
 .debug_line_str
                0x00000000       0x78 CMakeFiles/AI_TRY_TCRT500.dir/startup_stm32g0b1xx.s.obj
