/home/xiwei/my_project_ZSA/AI_TRY_TCRT5000/Core/Src/main.c:85:13:uart_print	16	static
/home/xiwei/my_project_ZSA/AI_TRY_TCRT5000/Core/Src/main.c:91:13:send_row_frame	48	static
/home/xiwei/my_project_ZSA/AI_TRY_TCRT5000/Core/Src/main.c:115:6:HAL_TIM_PeriodElapsedCallback	40	static
/home/xiwei/my_project_ZSA/AI_TRY_TCRT5000/Core/Src/main.c:162:5:main	8	static
/home/xiwei/my_project_ZSA/AI_TRY_TCRT5000/Core/Src/main.c:224:6:SystemClock_Config	96	static
/home/xiwei/my_project_ZSA/AI_TRY_TCRT5000/Core/Src/main.c:274:6:Error_Handler	8	static
